Component: ARM Compiler 6.13.1 Tool: armlink [5d895400]

==============================================================================

Section Cross References

    startup_stm32f429xx.o(RESET) refers to startup_stm32f429xx.o(STACK) for __initial_sp
    startup_stm32f429xx.o(RESET) refers to startup_stm32f429xx.o(.text) for Reset_Handler
    startup_stm32f429xx.o(RESET) refers to stm32f4xx_it.o(.text.NMI_Handler) for NMI_Handler
    startup_stm32f429xx.o(RESET) refers to stm32f4xx_it.o(.text.HardFault_Handler) for HardFault_Handler
    startup_stm32f429xx.o(RESET) refers to stm32f4xx_it.o(.text.MemManage_Handler) for MemManage_Handler
    startup_stm32f429xx.o(RESET) refers to stm32f4xx_it.o(.text.BusFault_Handler) for BusFault_Handler
    startup_stm32f429xx.o(RESET) refers to stm32f4xx_it.o(.text.UsageFault_Handler) for UsageFault_Handler
    startup_stm32f429xx.o(RESET) refers to stm32f4xx_it.o(.text.SVC_Handler) for SVC_Handler
    startup_stm32f429xx.o(RESET) refers to stm32f4xx_it.o(.text.DebugMon_Handler) for DebugMon_Handler
    startup_stm32f429xx.o(RESET) refers to stm32f4xx_it.o(.text.PendSV_Handler) for PendSV_Handler
    startup_stm32f429xx.o(RESET) refers to stm32f4xx_it.o(.text.EXTI0_IRQHandler) for EXTI0_IRQHandler
    startup_stm32f429xx.o(RESET) refers to stm32f4xx_it.o(.text.EXTI3_IRQHandler) for EXTI3_IRQHandler
    startup_stm32f429xx.o(RESET) refers to stm32f4xx_it.o(.text.DMA1_Stream2_IRQHandler) for DMA1_Stream2_IRQHandler
    startup_stm32f429xx.o(RESET) refers to stm32f4xx_it.o(.text.TIM3_IRQHandler) for TIM3_IRQHandler
    startup_stm32f429xx.o(RESET) refers to stm32f4xx_it.o(.text.TIM4_IRQHandler) for TIM4_IRQHandler
    startup_stm32f429xx.o(RESET) refers to stm32f4xx_it.o(.text.EXTI15_10_IRQHandler) for EXTI15_10_IRQHandler
    startup_stm32f429xx.o(RESET) refers to stm32f4xx_it.o(.text.TIM5_IRQHandler) for TIM5_IRQHandler
    startup_stm32f429xx.o(RESET) refers to stm32f4xx_it.o(.text.TIM6_DAC_IRQHandler) for TIM6_DAC_IRQHandler
    startup_stm32f429xx.o(RESET) refers to stm32f4xx_it.o(.text.DMA2_Stream0_IRQHandler) for DMA2_Stream0_IRQHandler
    startup_stm32f429xx.o(RESET) refers to stm32f4xx_it.o(.text.OTG_HS_IRQHandler) for OTG_HS_IRQHandler
    startup_stm32f429xx.o(RESET) refers to stm32f4xx_it.o(.text.LTDC_IRQHandler) for LTDC_IRQHandler
    startup_stm32f429xx.o(RESET) refers to stm32f4xx_it.o(.text.DMA2D_IRQHandler) for DMA2D_IRQHandler
    startup_stm32f429xx.o(.text) refers to system_stm32f4xx.o(.text.SystemInit) for SystemInit
    startup_stm32f429xx.o(.text) refers to entry.o(.ARM.Collect$$$$00000000) for __main
    ui.o(.text.BSP_LCD_DisplayStringAtLine90Degree) refers to stm32f429i_discovery_lcd.o(.text.BSP_LCD_GetFont) for BSP_LCD_GetFont
    ui.o(.text.BSP_LCD_DisplayStringAtLine90Degree) refers to stm32f429i_discovery_lcd.o(.text.BSP_LCD_DrawPixel) for BSP_LCD_DrawPixel
    ui.o(.ARM.exidx.text.BSP_LCD_DisplayStringAtLine90Degree) refers to ui.o(.text.BSP_LCD_DisplayStringAtLine90Degree) for [Anonymous Symbol]
    ui.o(.text.BSP_LCD_DrawBitmap90Degree) refers to stm32f429i_discovery_lcd.o(.text.BSP_LCD_DrawPixel) for BSP_LCD_DrawPixel
    ui.o(.ARM.exidx.text.BSP_LCD_DrawBitmap90Degree) refers to ui.o(.text.BSP_LCD_DrawBitmap90Degree) for [Anonymous Symbol]
    ui.o(.text.UI_Initial) refers to stm32f429i_discovery_lcd.o(.text.BSP_LCD_Init) for BSP_LCD_Init
    ui.o(.text.UI_Initial) refers to stm32f429i_discovery_lcd.o(.text.BSP_LCD_LayerDefaultInit) for BSP_LCD_LayerDefaultInit
    ui.o(.text.UI_Initial) refers to stm32f429i_discovery_lcd.o(.text.BSP_LCD_SelectLayer) for BSP_LCD_SelectLayer
    ui.o(.text.UI_Initial) refers to stm32f429i_discovery_lcd.o(.text.BSP_LCD_DisplayOn) for BSP_LCD_DisplayOn
    ui.o(.text.UI_Initial) refers to stm32f429i_discovery_lcd.o(.text.BSP_LCD_Clear) for BSP_LCD_Clear
    ui.o(.text.UI_Initial) refers to stm32f429i_discovery_lcd.o(.text.BSP_LCD_SetBackColor) for BSP_LCD_SetBackColor
    ui.o(.text.UI_Initial) refers to ui.o(.text.BSP_LCD_DrawBitmap90Degree) for BSP_LCD_DrawBitmap90Degree
    ui.o(.text.UI_Initial) refers to stm32f429i_discovery_lcd.o(.text.BSP_LCD_SetFont) for BSP_LCD_SetFont
    ui.o(.text.UI_Initial) refers to ui.o(.bss.ui) for ui
    ui.o(.text.UI_Initial) refers to ui.o(.rodata.gImage_goaltop_64x48) for gImage_goaltop_64x48
    ui.o(.text.UI_Initial) refers to stm32f429i_discovery_lcd.o(.data.Font12) for Font12
    ui.o(.text.UI_Initial) refers to ui.o(.text.BSP_LCD_DisplayStringAtLine90Degree) for BSP_LCD_DisplayStringAtLine90Degree
    ui.o(.text.UI_Initial) refers to ui.o(.rodata.str1.1) for .L.str.5
    ui.o(.ARM.exidx.text.UI_Initial) refers to ui.o(.text.UI_Initial) for [Anonymous Symbol]
    ui.o(.ARM.exidx.text.createFrame) refers to ui.o(.text.createFrame) for [Anonymous Symbol]
    ui.o(.text.setADC) refers to stm32f4xx_hal_cortex.o(.text.HAL_NVIC_DisableIRQ) for HAL_NVIC_DisableIRQ
    ui.o(.text.setADC) refers to stm32f4xx_hal_spi.o(.text.HAL_SPI_DeInit) for HAL_SPI_DeInit
[...]
    OTG_HS_EP1_IN_IRQHandler                 0x080001db   Thumb Code     0  startup_stm32f429xx.o(.text)
    OTG_HS_EP1_OUT_IRQHandler                0x080001db   Thumb Code     0  startup_stm32f429xx.o(.text)
    OTG_HS_WKUP_IRQHandler                   0x080001db   Thumb Code     0  startup_stm32f429xx.o(.text)
    PVD_IRQHandler                           0x080001db   Thumb Code     0  startup_stm32f429xx.o(.text)
    RCC_IRQHandler                           0x080001db   Thumb Code     0  startup_stm32f429xx.o(.text)
    RTC_Alarm_IRQHandler                     0x080001db   Thumb Code     0  startup_stm32f429xx.o(.text)
    RTC_WKUP_IRQHandler                      0x080001db   Thumb Code     0  startup_stm32f429xx.o(.text)
    SAI1_IRQHandler                          0x080001db   Thumb Code     0  startup_stm32f429xx.o(.text)
    SDIO_IRQHandler                          0x080001db   Thumb Code     0  startup_stm32f429xx.o(.text)
    SPI1_IRQHandler                          0x080001db   Thumb Code     0  startup_stm32f429xx.o(.text)
    SPI2_IRQHandler                          0x080001db   Thumb Code     0  startup_stm32f429xx.o(.text)
    SPI3_IRQHandler                          0x080001db   Thumb Code     0  startup_stm32f429xx.o(.text)
    SPI4_IRQHandler                          0x080001db   Thumb Code     0  startup_stm32f429xx.o(.text)
    SPI5_IRQHandler                          0x080001db   Thumb Code     0  startup_stm32f429xx.o(.text)
    SPI6_IRQHandler                          0x080001db   Thumb Code     0  startup_stm32f429xx.o(.text)
    TAMP_STAMP_IRQHandler                    0x080001db   Thumb Code     0  startup_stm32f429xx.o(.text)
    TIM1_BRK_TIM9_IRQHandler                 0x080001db   Thumb Code     0  startup_stm32f429xx.o(.text)
    TIM1_CC_IRQHandler                       0x080001db   Thumb Code     0  startup_stm32f429xx.o(.text)
    TIM1_TRG_COM_TIM11_IRQHandler            0x080001db   Thumb Code     0  startup_stm32f429xx.o(.text)
    TIM1_UP_TIM10_IRQHandler                 0x080001db   Thumb Code     0  startup_stm32f429xx.o(.text)
    TIM2_IRQHandler                          0x080001db   Thumb Code     0  startup_stm32f429xx.o(.text)
    TIM7_IRQHandler                          0x080001db   Thumb Code     0  startup_stm32f429xx.o(.text)
    TIM8_BRK_TIM12_IRQHandler                0x080001db   Thumb Code     0  startup_stm32f429xx.o(.text)
    TIM8_CC_IRQHandler                       0x080001db   Thumb Code     0  startup_stm32f429xx.o(.text)
    TIM8_TRG_COM_TIM14_IRQHandler            0x080001db   Thumb Code     0  startup_stm32f429xx.o(.text)
    TIM8_UP_TIM13_IRQHandler                 0x080001db   Thumb Code     0  startup_stm32f429xx.o(.text)
    UART4_IRQHandler                         0x080001db   Thumb Code     0  startup_stm32f429xx.o(.text)
    UART5_IRQHandler                         0x080001db   Thumb Code     0  startup_stm32f429xx.o(.text)
    UART7_IRQHandler                         0x080001db   Thumb Code     0  startup_stm32f429xx.o(.text)
    UART8_IRQHandler                         0x080001db   Thumb Code     0  startup_stm32f429xx.o(.text)
    USART1_IRQHandler                        0x080001db   Thumb Code     0  startup_stm32f429xx.o(.text)
    USART2_IRQHandler                        0x080001db   Thumb Code     0  startup_stm32f429xx.o(.text)
    USART3_IRQHandler                        0x080001db   Thumb Code     0  startup_stm32f429xx.o(.text)
    USART6_IRQHandler                        0x080001db   Thumb Code     0  startup_stm32f429xx.o(.text)
    WWDG_IRQHandler                          0x080001db   Thumb Code     0  startup_stm32f429xx.o(.text)
    __aeabi_uldivmod                         0x080001e5   Thumb Code    98  uldiv.o(.text)
    __aeabi_memcpy                           0x08000247   Thumb Code    36  memcpya.o(.text)
    __aeabi_memcpy4                          0x08000247   Thumb Code     0  memcpya.o(.text)
    __aeabi_memcpy8                          0x08000247   Thumb Code     0  memcpya.o(.text)
    __aeabi_memset                           0x0800026b   Thumb Code    14  memseta.o(.text)
    __aeabi_memset4                          0x0800026b   Thumb Code     0  memseta.o(.text)
    __aeabi_memset8                          0x0800026b   Thumb Code     0  memseta.o(.text)
    __aeabi_memclr                           0x08000279   Thumb Code     4  memseta.o(.text)
    __aeabi_memclr4                          0x08000279   Thumb Code     0  memseta.o(.text)
    __aeabi_memclr8                          0x08000279   Thumb Code     0  memseta.o(.text)
    _memset$wrapper                          0x0800027d   Thumb Code    18  memseta.o(.text)
    __aeabi_llsl                             0x0800028f   Thumb Code    30  llshl.o(.text)
    _ll_shift_l                              0x0800028f   Thumb Code     0  llshl.o(.text)
    __aeabi_llsr                             0x080002ad   Thumb Code    32  llushr.o(.text)
    _ll_ushift_r                             0x080002ad   Thumb Code     0  llushr.o(.text)
    __scatterload                            0x080002cd   Thumb Code    28  init.o(.text)
    __scatterload_rt2                        0x080002cd   Thumb Code     0  init.o(.text)
    __decompress                             0x080002f1   Thumb Code     0  __dczerorl2.o(.text)
    __decompress1                            0x080002f1   Thumb Code    86  __dczerorl2.o(.text)
    BSP_LCD_Clear                            0x08000349   Thumb Code    56  stm32f429i_discovery_lcd.o(.text.BSP_LCD_Clear)
    BSP_LCD_DisplayOn                        0x08000381   Thumb Code    12  stm32f429i_discovery_lcd.o(.text.BSP_LCD_DisplayOn)
    BSP_LCD_DisplayStringAtLine90Degree      0x0800038d   Thumb Code   176  ui.o(.text.BSP_LCD_DisplayStringAtLine90Degree)
    BSP_LCD_DrawBitmap90Degree               0x0800043d   Thumb Code   118  ui.o(.text.BSP_LCD_DrawBitmap90Degree)
    BSP_LCD_DrawPixel                        0x080004b5   Thumb Code    40  stm32f429i_discovery_lcd.o(.text.BSP_LCD_DrawPixel)
    BSP_LCD_FillRect                         0x080004dd   Thumb Code    84  stm32f429i_discovery_lcd.o(.text.BSP_LCD_FillRect)
    BSP_LCD_GetFont                          0x08000531   Thumb Code    16  stm32f429i_discovery_lcd.o(.text.BSP_LCD_GetFont)
    BSP_LCD_Init                             0x08000541   Thumb Code   140  stm32f429i_discovery_lcd.o(.text.BSP_LCD_Init)
    BSP_LCD_LayerDefaultInit                 0x080005cd   Thumb Code   136  stm32f429i_discovery_lcd.o(.text.BSP_LCD_LayerDefaultInit)
    BSP_LCD_MspInit                          0x08000655   Thumb Code   304  stm32f429i_discovery_lcd.o(.text.BSP_LCD_MspInit)
    BSP_LCD_SelectLayer                      0x08000785   Thumb Code     8  stm32f429i_discovery_lcd.o(.text.BSP_LCD_SelectLayer)
    BSP_LCD_SetBackColor                     0x0800078d   Thumb Code    16  stm32f429i_discovery_lcd.o(.text.BSP_LCD_SetBackColor)
    BSP_LCD_SetFont                          0x0800079d   Thumb Code    16  stm32f429i_discovery_lcd.o(.text.BSP_LCD_SetFont)
    BSP_LCD_SetTextColor                     0x080007ad   Thumb Code    20  stm32f429i_discovery_lcd.o(.text.BSP_LCD_SetTextColor)
    BSP_SDRAM_Init                           0x080007c1   Thumb Code   120  stm32f429i_discovery_sdram.o(.text.BSP_SDRAM_Init)
    BSP_SDRAM_Initialization_sequence        0x08000839   Thumb Code   144  stm32f429i_discovery_sdram.o(.text.BSP_SDRAM_Initialization_sequence)
    BSP_SDRAM_MspInit                        0x080008c9   Thumb Code   392  stm32f429i_discovery_sdram.o(.text.BSP_SDRAM_MspInit)
    BusFault_Handler                         0x08000a51   Thumb Code     2  stm32f4xx_it.o(.text.BusFault_Handler)
    DMA1_Stream2_IRQHandler                  0x08000af1   Thumb Code    12  stm32f4xx_it.o(.text.DMA1_Stream2_IRQHandler)
    DMA2D_IRQHandler                         0x08000afd   Thumb Code    12  stm32f4xx_it.o(.text.DMA2D_IRQHandler)
    DMA2_Stream0_IRQHandler                  0x08000ba5   Thumb Code    84  stm32f4xx_it.o(.text.DMA2_Stream0_IRQHandler)
    DebugMon_Handler                         0x08000c2d   Thumb Code     2  stm32f4xx_it.o(.text.DebugMon_Handler)
    EXTI0_IRQHandler                         0x08000c2f   Thumb Code     6  stm32f4xx_it.o(.text.EXTI0_IRQHandler)
    EXTI15_10_IRQHandler                     0x08000c35   Thumb Code     8  stm32f4xx_it.o(.text.EXTI15_10_IRQHandler)
    EXTI3_IRQHandler                         0x08000c3d   Thumb Code     6  stm32f4xx_it.o(.text.EXTI3_IRQHandler)
    Error_Handler                            0x08000c43   Thumb Code     2  main.o(.text.Error_Handler)
    FMC_SDRAM_Init                           0x08000c45   Thumb Code   128  stm32f4xx_ll_fmc.o(.text.FMC_SDRAM_Init)
    FMC_SDRAM_ProgramRefreshRate             0x08000cc5   Thumb Code    12  stm32f4xx_ll_fmc.o(.text.FMC_SDRAM_ProgramRefreshRate)
    FMC_SDRAM_SendCommand                    0x08000cd1   Thumb Code    76  stm32f4xx_ll_fmc.o(.text.FMC_SDRAM_SendCommand)
    FMC_SDRAM_Timing_Init                    0x08000d1d   Thumb Code   180  stm32f4xx_ll_fmc.o(.text.FMC_SDRAM_Timing_Init)
    HAL_DMA2D_CLUTLoadingCpltCallback        0x08000e29   Thumb Code     2  stm32f4xx_hal_dma2d.o(.text.HAL_DMA2D_CLUTLoadingCpltCallback)
    HAL_DMA2D_ConfigLayer                    0x08000e2d   Thumb Code   140  stm32f4xx_hal_dma2d.o(.text.HAL_DMA2D_ConfigLayer)
    HAL_DMA2D_IRQHandler                     0x08000eb9   Thumb Code   318  stm32f4xx_hal_dma2d.o(.text.HAL_DMA2D_IRQHandler)
    HAL_DMA2D_Init                           0x08000ff7   Thumb Code    82  stm32f4xx_hal_dma2d.o(.text.HAL_DMA2D_Init)
    HAL_DMA2D_LineEventCallback              0x08001049   Thumb Code     2  stm32f4xx_hal_dma2d.o(.text.HAL_DMA2D_LineEventCallback)
    HAL_DMA2D_MspInit                        0x0800104d   Thumb Code    64  dma2d.o(.text.HAL_DMA2D_MspInit)
    HAL_DMA2D_PollForTransfer                0x0800108d   Thumb Code   236  stm32f4xx_hal_dma2d.o(.text.HAL_DMA2D_PollForTransfer)
    HAL_DMA2D_Start                          0x08001179   Thumb Code    48  stm32f4xx_hal_dma2d.o(.text.HAL_DMA2D_Start)
    HAL_DMA_DeInit                           0x080011a9   Thumb Code    90  stm32f4xx_hal_dma.o(.text.HAL_DMA_DeInit)
    HAL_DMA_IRQHandler                       0x08001205   Thumb Code   368  stm32f4xx_hal_dma.o(.text.HAL_DMA_IRQHandler)
    HAL_DMA_Init                             0x08001375   Thumb Code   280  stm32f4xx_hal_dma.o(.text.HAL_DMA_Init)
    HAL_Delay                                0x0800148d   Thumb Code    36  stm32f4xx_hal.o(.text.HAL_Delay)
    HAL_GPIO_DeInit                          0x080014b1   Thumb Code   212  stm32f4xx_hal_gpio.o(.text.HAL_GPIO_DeInit)
    HAL_GPIO_EXTI_Callback                   0x08001585   Thumb Code   132  main.o(.text.HAL_GPIO_EXTI_Callback)
    HAL_GPIO_EXTI_IRQHandler                 0x08001609   Thumb Code    20  stm32f4xx_hal_gpio.o(.text.HAL_GPIO_EXTI_IRQHandler)
    HAL_GPIO_Init                            0x0800161d   Thumb Code   412  stm32f4xx_hal_gpio.o(.text.HAL_GPIO_Init)
    HAL_GPIO_TogglePin                       0x080017b9   Thumb Code    14  stm32f4xx_hal_gpio.o(.text.HAL_GPIO_TogglePin)
    HAL_GPIO_WritePin                        0x080017c7   Thumb Code    10  stm32f4xx_hal_gpio.o(.text.HAL_GPIO_WritePin)
    HAL_GetTick                              0x080017d1   Thumb Code    12  stm32f4xx_hal.o(.text.HAL_GetTick)
    HAL_I2CEx_ConfigAnalogFilter             0x080017dd   Thumb Code    60  stm32f4xx_hal_i2c_ex.o(.text.HAL_I2CEx_ConfigAnalogFilter)
    HAL_I2CEx_ConfigDigitalFilter            0x08001819   Thumb Code    62  stm32f4xx_hal_i2c_ex.o(.text.HAL_I2CEx_ConfigDigitalFilter)
    HAL_I2C_Init                             0x08001859   Thumb Code   376  stm32f4xx_hal_i2c.o(.text.HAL_I2C_Init)
    HAL_I2C_Master_Receive                   0x080019d1   Thumb Code   712  stm32f4xx_hal_i2c.o(.text.HAL_I2C_Master_Receive)
    HAL_I2C_Master_Transmit                  0x08001c99   Thumb Code   416  stm32f4xx_hal_i2c.o(.text.HAL_I2C_Master_Transmit)
    HAL_I2C_MspInit                          0x08001e39   Thumb Code   228  i2c.o(.text.HAL_I2C_MspInit)
    HAL_IncTick                              0x08001f1d   Thumb Code    24  stm32f4xx_hal.o(.text.HAL_IncTick)
    HAL_Init                                 0x08001f35   Thumb Code    52  stm32f4xx_hal.o(.text.HAL_Init)
    HAL_InitTick                             0x08001f69   Thumb Code   124  stm32f4xx_hal_timebase_tim.o(.text.HAL_InitTick)
    HAL_LTDC_ConfigLayer                     0x08001fe5   Thumb Code    70  stm32f4xx_hal_ltdc.o(.text.HAL_LTDC_ConfigLayer)
    HAL_LTDC_EnableDither                    0x0800202d   Thumb Code    44  stm32f4xx_hal_ltdc.o(.text.HAL_LTDC_EnableDither)
    HAL_LTDC_ErrorCallback                   0x08002059   Thumb Code     2  stm32f4xx_hal_ltdc.o(.text.HAL_LTDC_ErrorCallback)
    HAL_LTDC_IRQHandler                      0x0800205b   Thumb Code   182  stm32f4xx_hal_ltdc.o(.text.HAL_LTDC_IRQHandler)
    HAL_LTDC_Init                            0x08002111   Thumb Code   212  stm32f4xx_hal_ltdc.o(.text.HAL_LTDC_Init)
    HAL_LTDC_LineEventCallback               0x080021e5   Thumb Code     2  stm32f4xx_hal_ltdc.o(.text.HAL_LTDC_LineEventCallback)
    HAL_LTDC_MspInit                         0x080021e9   Thumb Code   400  ltdc.o(.text.HAL_LTDC_MspInit)
    HAL_LTDC_ReloadEventCallback             0x08002379   Thumb Code     2  stm32f4xx_hal_ltdc.o(.text.HAL_LTDC_ReloadEventCallback)
    HAL_MspInit                              0x0800237d   Thumb Code    56  stm32f4xx_hal_msp.o(.text.HAL_MspInit)
    HAL_NVIC_DisableIRQ                      0x080023b5   Thumb Code    36  stm32f4xx_hal_cortex.o(.text.HAL_NVIC_DisableIRQ)
    HAL_NVIC_EnableIRQ                       0x080023d9   Thumb Code    28  stm32f4xx_hal_cortex.o(.text.HAL_NVIC_EnableIRQ)
    HAL_NVIC_SetPriority                     0x080023f5   Thumb Code    56  stm32f4xx_hal_cortex.o(.text.HAL_NVIC_SetPriority)
    HAL_NVIC_SetPriorityGrouping             0x0800242d   Thumb Code    32  stm32f4xx_hal_cortex.o(.text.HAL_NVIC_SetPriorityGrouping)
    HAL_PCDEx_LPM_Callback                   0x0800244d   Thumb Code     2  stm32f4xx_hal_pcd_ex.o(.text.HAL_PCDEx_LPM_Callback)
    HAL_PCDEx_SetRxFiFo                      0x0800244f   Thumb Code     8  stm32f4xx_hal_pcd_ex.o(.text.HAL_PCDEx_SetRxFiFo)
    HAL_PCDEx_SetTxFiFo                      0x08002457   Thumb Code    64  stm32f4xx_hal_pcd_ex.o(.text.HAL_PCDEx_SetTxFiFo)
    HAL_PCD_ConnectCallback                  0x08002497   Thumb Code     8  usbd_conf.o(.text.HAL_PCD_ConnectCallback)
    HAL_PCD_DataInStageCallback              0x0800249f   Thumb Code    18  usbd_conf.o(.text.HAL_PCD_DataInStageCallback)
    HAL_PCD_DataOutStageCallback             0x080024b1   Thumb Code    20  usbd_conf.o(.text.HAL_PCD_DataOutStageCallback)
    HAL_PCD_DisconnectCallback               0x080024c5   Thumb Code     8  usbd_conf.o(.text.HAL_PCD_DisconnectCallback)
    HAL_PCD_EP_Close                         0x080024cd   Thumb Code    82  stm32f4xx_hal_pcd.o(.text.HAL_PCD_EP_Close)
    HAL_PCD_EP_ClrStall                      0x0800251f   Thumb Code    96  stm32f4xx_hal_pcd.o(.text.HAL_PCD_EP_ClrStall)
    HAL_PCD_EP_GetRxCount                    0x0800257f   Thumb Code    18  stm32f4xx_hal_pcd.o(.text.HAL_PCD_EP_GetRxCount)
    HAL_PCD_EP_Open                          0x08002591   Thumb Code   100  stm32f4xx_hal_pcd.o(.text.HAL_PCD_EP_Open)
    HAL_PCD_EP_Receive                       0x080025f5   Thumb Code    66  stm32f4xx_hal_pcd.o(.text.HAL_PCD_EP_Receive)
    HAL_PCD_EP_SetStall                      0x08002637   Thumb Code   110  stm32f4xx_hal_pcd.o(.text.HAL_PCD_EP_SetStall)
    HAL_PCD_EP_Transmit                      0x080026a5   Thumb Code    60  stm32f4xx_hal_pcd.o(.text.HAL_PCD_EP_Transmit)
    HAL_PCD_IRQHandler                       0x080026e1   Thumb Code  1516  stm32f4xx_hal_pcd.o(.text.HAL_PCD_IRQHandler)
    HAL_PCD_ISOINIncompleteCallback          0x08002ccd   Thumb Code     8  usbd_conf.o(.text.HAL_PCD_ISOINIncompleteCallback)
    HAL_PCD_ISOOUTIncompleteCallback         0x08002cd5   Thumb Code     8  usbd_conf.o(.text.HAL_PCD_ISOOUTIncompleteCallback)
    HAL_PCD_Init                             0x08002cdd   Thumb Code   312  stm32f4xx_hal_pcd.o(.text.HAL_PCD_Init)
    HAL_PCD_MspInit                          0x08002e15   Thumb Code   148  usbd_conf.o(.text.HAL_PCD_MspInit)
    HAL_PCD_ResetCallback                    0x08002ea9   Thumb Code    42  usbd_conf.o(.text.HAL_PCD_ResetCallback)
    HAL_PCD_ResumeCallback                   0x08002ed3   Thumb Code     8  usbd_conf.o(.text.HAL_PCD_ResumeCallback)
    HAL_PCD_SOFCallback                      0x08002edb   Thumb Code     8  usbd_conf.o(.text.HAL_PCD_SOFCallback)
    HAL_PCD_SetAddress                       0x08002ee3   Thumb Code    40  stm32f4xx_hal_pcd.o(.text.HAL_PCD_SetAddress)
    HAL_PCD_SetupStageCallback               0x08002f0b   Thumb Code    14  usbd_conf.o(.text.HAL_PCD_SetupStageCallback)
    HAL_PCD_Start                            0x08002f19   Thumb Code    62  stm32f4xx_hal_pcd.o(.text.HAL_PCD_Start)
    HAL_PCD_SuspendCallback                  0x08002f59   Thumb Code    48  usbd_conf.o(.text.HAL_PCD_SuspendCallback)
    HAL_RCCEx_PeriphCLKConfig                0x08002f89   Thumb Code   532  stm32f4xx_hal_rcc_ex.o(.text.HAL_RCCEx_PeriphCLKConfig)
    HAL_RCC_ClockConfig                      0x0800319d   Thumb Code   296  stm32f4xx_hal_rcc.o(.text.HAL_RCC_ClockConfig)
    HAL_RCC_GetClockConfig                   0x080032c5   Thumb Code    56  stm32f4xx_hal_rcc.o(.text.HAL_RCC_GetClockConfig)
    HAL_RCC_GetHCLKFreq                      0x080032fd   Thumb Code     8  stm32f4xx_hal_rcc.o(.text.HAL_RCC_GetHCLKFreq)
    HAL_RCC_GetPCLK1Freq                     0x08003305   Thumb Code    32  stm32f4xx_hal_rcc.o(.text.HAL_RCC_GetPCLK1Freq)
    HAL_RCC_GetSysClockFreq                  0x08003325   Thumb Code    92  stm32f4xx_hal_rcc.o(.text.HAL_RCC_GetSysClockFreq)
    HAL_RCC_OscConfig                        0x08003381   Thumb Code   788  stm32f4xx_hal_rcc.o(.text.HAL_RCC_OscConfig)
    HAL_SDRAM_Init                           0x08003695   Thumb Code    64  stm32f4xx_hal_sdram.o(.text.HAL_SDRAM_Init)
    HAL_SDRAM_MspInit                        0x080036d5   Thumb Code   220  fmc.o(.text.HAL_SDRAM_MspInit)
    HAL_SDRAM_ProgramRefreshRate             0x080037b1   Thumb Code    34  stm32f4xx_hal_sdram.o(.text.HAL_SDRAM_ProgramRefreshRate)
    HAL_SDRAM_SendCommand                    0x080037d3   Thumb Code    48  stm32f4xx_hal_sdram.o(.text.HAL_SDRAM_SendCommand)
    HAL_SPI_DeInit                           0x08003803   Thumb Code    46  stm32f4xx_hal_spi.o(.text.HAL_SPI_DeInit)
    HAL_SPI_GetState                         0x08003831   Thumb Code     6  stm32f4xx_hal_spi.o(.text.HAL_SPI_GetState)
    HAL_SPI_Init                             0x08003837   Thumb Code   120  stm32f4xx_hal_spi.o(.text.HAL_SPI_Init)
    HAL_SPI_MspDeInit                        0x080038b1   Thumb Code   108  spi.o(.text.HAL_SPI_MspDeInit)
    HAL_SPI_MspInit                          0x0800391d   Thumb Code   368  spi.o(.text.HAL_SPI_MspInit)
    HAL_SPI_Receive                          0x08003a8d   Thumb Code   302  stm32f4xx_hal_spi.o(.text.HAL_SPI_Receive)
    HAL_SPI_Transmit                         0x08003bbb   Thumb Code   348  stm32f4xx_hal_spi.o(.text.HAL_SPI_Transmit)
    HAL_SPI_TransmitReceive                  0x08003d17   Thumb Code   464  stm32f4xx_hal_spi.o(.text.HAL_SPI_TransmitReceive)
    HAL_TIMEx_BreakCallback                  0x08003ee7   Thumb Code     2  stm32f4xx_hal_tim_ex.o(.text.HAL_TIMEx_BreakCallback)
    HAL_TIMEx_CommutCallback                 0x08003ee9   Thumb Code     2  stm32f4xx_hal_tim_ex.o(.text.HAL_TIMEx_CommutCallback)
    HAL_TIMEx_MasterConfigSynchronization    0x08003eed   Thumb Code   132  stm32f4xx_hal_tim_ex.o(.text.HAL_TIMEx_MasterConfigSynchronization)
    HAL_TIM_Base_Init                        0x08003f71   Thumb Code    52  stm32f4xx_hal_tim.o(.text.HAL_TIM_Base_Init)
    HAL_TIM_Base_MspInit                     0x08003fa5   Thumb Code   148  tim.o(.text.HAL_TIM_Base_MspInit)
    HAL_TIM_Base_Start_IT                    0x08004039   Thumb Code    32  stm32f4xx_hal_tim.o(.text.HAL_TIM_Base_Start_IT)
    HAL_TIM_ConfigClockSource                0x08004059   Thumb Code   244  stm32f4xx_hal_tim.o(.text.HAL_TIM_ConfigClockSource)
    HAL_TIM_IC_CaptureCallback               0x0800414d   Thumb Code     2  stm32f4xx_hal_tim.o(.text.HAL_TIM_IC_CaptureCallback)
    HAL_TIM_IRQHandler                       0x0800414f   Thumb Code   364  stm32f4xx_hal_tim.o(.text.HAL_TIM_IRQHandler)
    HAL_TIM_MspPostInit                      0x080042bd   Thumb Code    84  tim.o(.text.HAL_TIM_MspPostInit)
    HAL_TIM_OC_DelayElapsedCallback          0x08004311   Thumb Code     2  stm32f4xx_hal_tim.o(.text.HAL_TIM_OC_DelayElapsedCallback)
    HAL_TIM_OnePulse_Init                    0x08004313   Thumb Code    70  stm32f4xx_hal_tim.o(.text.HAL_TIM_OnePulse_Init)
    HAL_TIM_OnePulse_MspInit                 0x08004359   Thumb Code     2  stm32f4xx_hal_tim.o(.text.HAL_TIM_OnePulse_MspInit)
    HAL_TIM_PWM_ConfigChannel                0x0800435d   Thumb Code   156  stm32f4xx_hal_tim.o(.text.HAL_TIM_PWM_ConfigChannel)
    HAL_TIM_PWM_Init                         0x080043f9   Thumb Code    52  stm32f4xx_hal_tim.o(.text.HAL_TIM_PWM_Init)
    HAL_TIM_PWM_MspInit                      0x0800442d   Thumb Code     2  stm32f4xx_hal_tim.o(.text.HAL_TIM_PWM_MspInit)
    HAL_TIM_PWM_PulseFinishedCallback        0x08004431   Thumb Code   216  main.o(.text.HAL_TIM_PWM_PulseFinishedCallback)
    HAL_TIM_PeriodElapsedCallback            0x08004509   Thumb Code   164  main.o(.text.HAL_TIM_PeriodElapsedCallback)
    HAL_TIM_TriggerCallback                  0x080045ad   Thumb Code     2  stm32f4xx_hal_tim.o(.text.HAL_TIM_TriggerCallback)
    HardFault_Handler                        0x080045af   Thumb Code     2  stm32f4xx_it.o(.text.HardFault_Handler)
    LCD_Delay                                0x08004811   Thumb Code     4  stm32f429i_discovery.o(.text.LCD_Delay)
    LCD_IO_Init                              0x08004815   Thumb Code   200  stm32f429i_discovery.o(.text.LCD_IO_Init)
    LCD_IO_ReadData                          0x080048dd   Thumb Code    96  stm32f429i_discovery.o(.text.LCD_IO_ReadData)
    LCD_IO_WriteData                         0x0800493d   Thumb Code    48  stm32f429i_discovery.o(.text.LCD_IO_WriteData)
    LCD_IO_WriteReg                          0x0800496d   Thumb Code    56  stm32f429i_discovery.o(.text.LCD_IO_WriteReg)
    LTDC_IRQHandler                          0x080049a5   Thumb Code    12  stm32f4xx_it.o(.text.LTDC_IRQHandler)
    MX_DMA2D_Init                            0x08004ad1   Thumb Code    64  dma2d.o(.text.MX_DMA2D_Init)
    MX_DMA_Init                              0x08004b11   Thumb Code    88  dma.o(.text.MX_DMA_Init)
    MX_FMC_Init                              0x08004b69   Thumb Code    96  fmc.o(.text.MX_FMC_Init)
    MX_GPIO_Init                             0x08004bc9   Thumb Code   536  gpio.o(.text.MX_GPIO_Init)
    MX_I2C3_Init                             0x08004de1   Thumb Code    88  i2c.o(.text.MX_I2C3_Init)
    MX_LTDC_Init                             0x08004e39   Thumb Code   152  ltdc.o(.text.MX_LTDC_Init)
    MX_SPI3_Init                             0x08004ed1   Thumb Code    72  spi.o(.text.MX_SPI3_Init)
    MX_SPI4_Init                             0x08004f19   Thumb Code    64  spi.o(.text.MX_SPI4_Init)
    MX_TIM3_Init                             0x08004f59   Thumb Code   104  tim.o(.text.MX_TIM3_Init)
    MX_TIM4_Init                             0x08004fc1   Thumb Code   172  tim.o(.text.MX_TIM4_Init)
    MX_TIM5_Init                             0x0800506d   Thumb Code   164  tim.o(.text.MX_TIM5_Init)
    MX_USB_DEVICE_Init                       0x08005111   Thumb Code    80  usb_device.o(.text.MX_USB_DEVICE_Init)
    MemManage_Handler                        0x08005161   Thumb Code     2  stm32f4xx_it.o(.text.MemManage_Handler)
    NMI_Handler                              0x08005163   Thumb Code     2  stm32f4xx_it.o(.text.NMI_Handler)
    OTG_HS_IRQHandler                        0x08005165   Thumb Code    12  stm32f4xx_it.o(.text.OTG_HS_IRQHandler)
    PendSV_Handler                           0x08005171   Thumb Code     2  stm32f4xx_it.o(.text.PendSV_Handler)
    SVC_Handler                              0x08005365   Thumb Code     2  stm32f4xx_it.o(.text.SVC_Handler)
    ScreenDrawLoop                           0x08005369   Thumb Code   196  ui.o(.text.ScreenDrawLoop)
    SystemClock_Config                       0x0800542d   Thumb Code   168  main.o(.text.SystemClock_Config)
    SystemInit                               0x080054d5   Thumb Code    28  system_stm32f4xx.o(.text.SystemInit)
    TIM3_IRQHandler                          0x080054f1   Thumb Code    12  stm32f4xx_it.o(.text.TIM3_IRQHandler)
    TIM4_IRQHandler                          0x080054fd   Thumb Code    12  stm32f4xx_it.o(.text.TIM4_IRQHandler)
    TIM5_IRQHandler                          0x08005509   Thumb Code    12  stm32f4xx_it.o(.text.TIM5_IRQHandler)
    TIM6_DAC_IRQHandler                      0x08005515   Thumb Code    12  stm32f4xx_it.o(.text.TIM6_DAC_IRQHandler)
    TIM_Base_SetConfig                       0x08005521   Thumb Code   208  stm32f4xx_hal_tim.o(.text.TIM_Base_SetConfig)
    TIM_OC2_SetConfig                        0x08005645   Thumb Code    96  stm32f4xx_hal_tim.o(.text.TIM_OC2_SetConfig)
    UI_Initial                               0x08005795   Thumb Code   276  ui.o(.text.UI_Initial)
    USBD_CDC_GetDeviceQualifierDescriptor    0x080059a1   Thumb Code    12  usbd_cdc.o(.text.USBD_CDC_GetDeviceQualifierDescriptor)
    USBD_CDC_ReceivePacket                   0x08005a69   Thumb Code    38  usbd_cdc.o(.text.USBD_CDC_ReceivePacket)
    USBD_CDC_RegisterInterface               0x08005a8f   Thumb Code    14  usbd_cdc.o(.text.USBD_CDC_RegisterInterface)
    USBD_CDC_SetRxBuffer                     0x08005a9d   Thumb Code    12  usbd_cdc.o(.text.USBD_CDC_SetRxBuffer)
    USBD_CDC_SetTxBuffer                     0x08005aa9   Thumb Code    16  usbd_cdc.o(.text.USBD_CDC_SetTxBuffer)
    USBD_ClrClassConfig                      0x08005b69   Thumb Code    16  usbd_core.o(.text.USBD_ClrClassConfig)
    USBD_CtlContinueRx                       0x08005b79   Thumb Code    16  usbd_ioreq.o(.text.USBD_CtlContinueRx)
    USBD_CtlContinueSendData                 0x08005b89   Thumb Code    16  usbd_ioreq.o(.text.USBD_CtlContinueSendData)
    USBD_CtlError                            0x08005b99   Thumb Code    22  usbd_ctlreq.o(.text.USBD_CtlError)
    USBD_CtlPrepareRx                        0x08005baf   Thumb Code    26  usbd_ioreq.o(.text.USBD_CtlPrepareRx)
    USBD_CtlReceiveStatus                    0x08005bc9   Thumb Code    22  usbd_ioreq.o(.text.USBD_CtlReceiveStatus)
    USBD_CtlSendData                         0x08005bdf   Thumb Code    26  usbd_ioreq.o(.text.USBD_CtlSendData)
    USBD_CtlSendStatus                       0x08005bf9   Thumb Code    22  usbd_ioreq.o(.text.USBD_CtlSendStatus)
    USBD_GetString                           0x08005c0f   Thumb Code    58  usbd_ctlreq.o(.text.USBD_GetString)
    USBD_Get_USB_Status                      0x08005c49   Thumb Code    24  usbd_conf.o(.text.USBD_Get_USB_Status)
    USBD_HS_ConfigStrDescriptor              0x08005c61   Thumb Code    32  usbd_desc.o(.text.USBD_HS_ConfigStrDescriptor)
    USBD_HS_DeviceDescriptor                 0x08005c81   Thumb Code    12  usbd_desc.o(.text.USBD_HS_DeviceDescriptor)
    USBD_HS_InterfaceStrDescriptor           0x08005c8d   Thumb Code    36  usbd_desc.o(.text.USBD_HS_InterfaceStrDescriptor)
    USBD_HS_LangIDStrDescriptor              0x08005cb1   Thumb Code    12  usbd_desc.o(.text.USBD_HS_LangIDStrDescriptor)
    USBD_HS_ManufacturerStrDescriptor        0x08005cbd   Thumb Code    40  usbd_desc.o(.text.USBD_HS_ManufacturerStrDescriptor)
    USBD_HS_ProductStrDescriptor             0x08005ce5   Thumb Code    48  usbd_desc.o(.text.USBD_HS_ProductStrDescriptor)
    USBD_HS_SerialStrDescriptor              0x08005d15   Thumb Code    52  usbd_desc.o(.text.USBD_HS_SerialStrDescriptor)
    USBD_Init                                0x08005d49   Thumb Code    48  usbd_core.o(.text.USBD_Init)
    USBD_LL_ClearStallEP                     0x08005d79   Thumb Code    18  usbd_conf.o(.text.USBD_LL_ClearStallEP)
    USBD_LL_CloseEP                          0x08005d8b   Thumb Code    18  usbd_conf.o(.text.USBD_LL_CloseEP)
    USBD_LL_DataInStage                      0x08005d9d   Thumb Code   166  usbd_core.o(.text.USBD_LL_DataInStage)
    USBD_LL_DataOutStage                     0x08005e43   Thumb Code   104  usbd_core.o(.text.USBD_LL_DataOutStage)
    USBD_LL_DevConnected                     0x08005eab   Thumb Code     4  usbd_core.o(.text.USBD_LL_DevConnected)
    USBD_LL_DevDisconnected                  0x08005eaf   Thumb Code    24  usbd_core.o(.text.USBD_LL_DevDisconnected)
    USBD_LL_GetRxDataSize                    0x08005ec7   Thumb Code     8  usbd_conf.o(.text.USBD_LL_GetRxDataSize)
    USBD_LL_Init                             0x08005ed1   Thumb Code   108  usbd_conf.o(.text.USBD_LL_Init)
    USBD_LL_IsStallEP                        0x08005f3d   Thumb Code    32  usbd_conf.o(.text.USBD_LL_IsStallEP)
    USBD_LL_IsoINIncomplete                  0x08005f5d   Thumb Code     4  usbd_core.o(.text.USBD_LL_IsoINIncomplete)
    USBD_LL_IsoOUTIncomplete                 0x08005f61   Thumb Code     4  usbd_core.o(.text.USBD_LL_IsoOUTIncomplete)
    USBD_LL_OpenEP                           0x08005f65   Thumb Code    24  usbd_conf.o(.text.USBD_LL_OpenEP)
    USBD_LL_PrepareReceive                   0x08005f7d   Thumb Code    18  usbd_conf.o(.text.USBD_LL_PrepareReceive)
    USBD_LL_Reset                            0x08005f8f   Thumb Code    82  usbd_core.o(.text.USBD_LL_Reset)
    USBD_LL_Resume                           0x08005fe1   Thumb Code    20  usbd_core.o(.text.USBD_LL_Resume)
    USBD_LL_SOF                              0x08005ff5   Thumb Code    24  usbd_core.o(.text.USBD_LL_SOF)
    USBD_LL_SetSpeed                         0x0800600d   Thumb Code     6  usbd_core.o(.text.USBD_LL_SetSpeed)
    USBD_LL_SetUSBAddress                    0x08006013   Thumb Code    18  usbd_conf.o(.text.USBD_LL_SetUSBAddress)
    USBD_LL_SetupStage                       0x08006025   Thumb Code    92  usbd_core.o(.text.USBD_LL_SetupStage)
    USBD_LL_StallEP                          0x08006081   Thumb Code    18  usbd_conf.o(.text.USBD_LL_StallEP)
    USBD_LL_Start                            0x08006093   Thumb Code    18  usbd_conf.o(.text.USBD_LL_Start)
    USBD_LL_Suspend                          0x080060a5   Thumb Code    18  usbd_core.o(.text.USBD_LL_Suspend)
    USBD_LL_Transmit                         0x080060b7   Thumb Code    18  usbd_conf.o(.text.USBD_LL_Transmit)
    USBD_ParseSetupRequest                   0x080060c9   Thumb Code    22  usbd_ctlreq.o(.text.USBD_ParseSetupRequest)
    USBD_RegisterClass                       0x080060df   Thumb Code    36  usbd_core.o(.text.USBD_RegisterClass)
    USBD_SetClassConfig                      0x08006103   Thumb Code    14  usbd_core.o(.text.USBD_SetClassConfig)
    USBD_Start                               0x08006111   Thumb Code     4  usbd_core.o(.text.USBD_Start)
    USBD_StdDevReq                           0x08006115   Thumb Code   696  usbd_ctlreq.o(.text.USBD_StdDevReq)
    USBD_StdEPReq                            0x080063cd   Thumb Code   314  usbd_ctlreq.o(.text.USBD_StdEPReq)
    USBD_StdItfReq                           0x08006507   Thumb Code    76  usbd_ctlreq.o(.text.USBD_StdItfReq)
    USB_ActivateEndpoint                     0x08006555   Thumb Code   124  stm32f4xx_ll_usb.o(.text.USB_ActivateEndpoint)
    USB_ActivateSetup                        0x080065d1   Thumb Code    30  stm32f4xx_ll_usb.o(.text.USB_ActivateSetup)
    USB_CoreInit                             0x080065f1   Thumb Code   116  stm32f4xx_ll_usb.o(.text.USB_CoreInit)
    USB_DeactivateEndpoint                   0x08006695   Thumb Code   144  stm32f4xx_ll_usb.o(.text.USB_DeactivateEndpoint)
    USB_DevConnect                           0x08006725   Thumb Code    28  stm32f4xx_ll_usb.o(.text.USB_DevConnect)
    USB_DevDisconnect                        0x08006741   Thumb Code    28  stm32f4xx_ll_usb.o(.text.USB_DevDisconnect)
    USB_DevInit                              0x0800675d   Thumb Code   392  stm32f4xx_ll_usb.o(.text.USB_DevInit)
    USB_DisableGlobalInt                     0x080068e5   Thumb Code    12  stm32f4xx_ll_usb.o(.text.USB_DisableGlobalInt)
    USB_EP0StartXfer                         0x080068f1   Thumb Code   228  stm32f4xx_ll_usb.o(.text.USB_EP0StartXfer)
    USB_EP0_OutStart                         0x080069d5   Thumb Code    88  stm32f4xx_ll_usb.o(.text.USB_EP0_OutStart)
    USB_EPClearStall                         0x08006a2d   Thumb Code    48  stm32f4xx_ll_usb.o(.text.USB_EPClearStall)
    USB_EPSetStall                           0x08006a5d   Thumb Code    56  stm32f4xx_ll_usb.o(.text.USB_EPSetStall)
    USB_EPStartXfer                          0x08006a95   Thumb Code   348  stm32f4xx_ll_usb.o(.text.USB_EPStartXfer)
    USB_EnableGlobalInt                      0x08006bf1   Thumb Code    12  stm32f4xx_ll_usb.o(.text.USB_EnableGlobalInt)
    USB_FlushRxFifo                          0x08006bfd   Thumb Code    28  stm32f4xx_ll_usb.o(.text.USB_FlushRxFifo)
    USB_FlushTxFifo                          0x08006c19   Thumb Code    32  stm32f4xx_ll_usb.o(.text.USB_FlushTxFifo)
    USB_GetDevSpeed                          0x08006c39   Thumb Code    28  stm32f4xx_ll_usb.o(.text.USB_GetDevSpeed)
    USB_GetMode                              0x08006c55   Thumb Code     8  stm32f4xx_ll_usb.o(.text.USB_GetMode)
    USB_ReadDevAllInEpInterrupt              0x08006c5d   Thumb Code    14  stm32f4xx_ll_usb.o(.text.USB_ReadDevAllInEpInterrupt)
    USB_ReadDevAllOutEpInterrupt             0x08006c6b   Thumb Code    14  stm32f4xx_ll_usb.o(.text.USB_ReadDevAllOutEpInterrupt)
    USB_ReadDevInEPInterrupt                 0x08006c79   Thumb Code    36  stm32f4xx_ll_usb.o(.text.USB_ReadDevInEPInterrupt)
    USB_ReadDevOutEPInterrupt                0x08006c9d   Thumb Code    16  stm32f4xx_ll_usb.o(.text.USB_ReadDevOutEPInterrupt)
    USB_ReadInterrupts                       0x08006cad   Thumb Code     8  stm32f4xx_ll_usb.o(.text.USB_ReadInterrupts)
    USB_ReadPacket                           0x08006cb5   Thumb Code    26  stm32f4xx_ll_usb.o(.text.USB_ReadPacket)
    USB_SetCurrentMode                       0x08006ccf   Thumb Code    46  stm32f4xx_ll_usb.o(.text.USB_SetCurrentMode)
    USB_SetDevAddress                        0x08006cfd   Thumb Code    32  stm32f4xx_ll_usb.o(.text.USB_SetDevAddress)
    USB_SetTurnaroundTime                    0x08006d1d   Thumb Code   240  stm32f4xx_ll_usb.o(.text.USB_SetTurnaroundTime)
    USB_WritePacket                          0x08006e0d   Thumb Code    32  stm32f4xx_ll_usb.o(.text.USB_WritePacket)
    UsageFault_Handler                       0x08006e2d   Thumb Code     2  stm32f4xx_it.o(.text.UsageFault_Handler)
    createFrame                              0x08006e55   Thumb Code    96  ui.o(.text.createFrame)
    ili9341_DisplayOff                       0x08006eb5   Thumb Code     6  ili9341.o(.text.ili9341_DisplayOff)
    ili9341_DisplayOn                        0x08006ebb   Thumb Code     6  ili9341.o(.text.ili9341_DisplayOn)
    ili9341_GetLcdPixelHeight                0x08006ec1   Thumb Code     6  ili9341.o(.text.ili9341_GetLcdPixelHeight)
    ili9341_GetLcdPixelWidth                 0x08006ec7   Thumb Code     4  ili9341.o(.text.ili9341_GetLcdPixelWidth)
    ili9341_Init                             0x08006ecd   Thumb Code   460  ili9341.o(.text.ili9341_Init)
    ili9341_ReadID                           0x08007099   Thumb Code    18  ili9341.o(.text.ili9341_ReadID)
    ili9341_WriteData                        0x080070ab   Thumb Code     4  ili9341.o(.text.ili9341_WriteData)
    main                                     0x080070b1   Thumb Code   120  main.o(.text.main)
    setADC                                   0x08007129   Thumb Code   308  ui.o(.text.setADC)
    __scatterload_copy                       0x0800725d   Thumb Code    14  handlers.o(i.__scatterload_copy)
    __scatterload_null                       0x0800726b   Thumb Code     2  handlers.o(i.__scatterload_null)
    __scatterload_zeroinit                   0x0800726d   Thumb Code    14  handlers.o(i.__scatterload_zeroinit)
    free                                     0x0800727d   Thumb Code    76  malloc.o(i.free)
    malloc                                   0x080072cd   Thumb Code    92  malloc.o(i.malloc)
    AHBPrescTable                            0x08007338   Data          16  system_stm32f4xx.o(.rodata.AHBPrescTable)
    APBPrescTable                            0x08007348   Data           8  system_stm32f4xx.o(.rodata.APBPrescTable)
    Font12_Table                             0x08007350   Data        1140  stm32f429i_discovery_lcd.o(.rodata.Font12_Table)
    Font24_Table                             0x080077c4   Data        6840  stm32f429i_discovery_lcd.o(.rodata.Font24_Table)
    gImage_goaltop_64x48                     0x0800929c   Data         384  ui.o(.rodata.gImage_goaltop_64x48)
    Region$$Table$$Base                      0x08009434   Number         0  anon$$obj.o(Region$$Table)
    Region$$Table$$Limit                     0x08009454   Number         0  anon$$obj.o(Region$$Table)
    __microlib_freelist                      0x20000000   Data           4  mvars.o(.data)
    __microlib_freelist_initialised          0x20000004   Data           4  mvars.o(.data)
    uwTickFreq                               0x20000008   Data           1  stm32f4xx_hal.o(.data..L_MergedGlobals)
    uwTickPrio                               0x2000000c   Data           4  stm32f4xx_hal.o(.data..L_MergedGlobals)
    ADC_select                               0x20000010   Data           1  main.o(.data.ADC_select)
    Font12                                   0x20000014   Data           8  stm32f429i_discovery_lcd.o(.data.Font12)
    Font24                                   0x2000001c   Data           8  stm32f429i_discovery_lcd.o(.data.Font24)
    HS_Desc                                  0x20000024   Data          28  usbd_desc.o(.data.HS_Desc)
    LineCoding                               0x20000040   Data           8  usbd_cdc_if.o(.data.LineCoding)
    SpixTimeout                              0x20000048   Data           4  stm32f429i_discovery.o(.data.SpixTimeout)
    SystemCoreClock                          0x2000004c   Data           4  system_stm32f4xx.o(.data.SystemCoreClock)
    USBD_CDC                                 0x20000050   Data          56  usbd_cdc.o(.data.USBD_CDC)
    USBD_HS_DeviceDesc                       0x20000160   Data          18  usbd_desc.o(.data.USBD_HS_DeviceDesc)
    USBD_Interface_fops_HS                   0x20000174   Data          20  usbd_cdc_if.o(.data.USBD_Interface_fops_HS)
    USBD_LangIDDesc                          0x20000188   Data           4  usbd_desc.o(.data.USBD_LangIDDesc)
    USBD_StringSerial                        0x2000018c   Data          26  usbd_desc.o(.data.USBD_StringSerial)
    ili9341_drv                              0x200001a8   Data          56  ili9341.o(.data.ili9341_drv)
    LcdDrv                                   0x200001e0   Data           4  stm32f429i_discovery_lcd.o(.bss..L_MergedGlobals)
    LtdcHandler                              0x20000338   Data         168  stm32f429i_discovery_lcd.o(.bss.LtdcHandler)
    USBD_StrDesc                             0x2000043c   Data         512  usbd_desc.o(.bss.USBD_StrDesc)
    UserRxBufferHS                           0x2000063c   Data        2048  usbd_cdc_if.o(.bss.UserRxBufferHS)
    UserTxBufferHS                           0x20000e3c   Data        2048  usbd_cdc_if.o(.bss.UserTxBufferHS)
    hUsbDeviceHS                             0x2000163c   Data         720  usb_device.o(.bss.hUsbDeviceHS)
    hdma2d                                   0x2000190c   Data          64  dma2d.o(.bss.hdma2d)
    hdma_i2c3_rx                             0x2000194c   Data          96  i2c.o(.bss.hdma_i2c3_rx)
    hdma_spi4_rx                             0x200019ac   Data          96  spi.o(.bss.hdma_spi4_rx)
    hi2c3                                    0x20001a0c   Data          84  i2c.o(.bss.hi2c3)
    hltdc                                    0x20001a60   Data         168  ltdc.o(.bss.hltdc)
    hpcd_USB_OTG_HS                          0x20001b08   Data        1032  usbd_conf.o(.bss.hpcd_USB_OTG_HS)
    hsdram1                                  0x20001f10   Data          52  fmc.o(.bss.hsdram1)
    hspi3                                    0x20001f44   Data          88  spi.o(.bss.hspi3)
    hspi4                                    0x20001f9c   Data          88  spi.o(.bss.hspi4)
    htim3                                    0x20001ff4   Data          64  tim.o(.bss.htim3)
    htim4                                    0x20002034   Data          64  tim.o(.bss.htim4)
    htim5                                    0x20002074   Data          64  tim.o(.bss.htim5)
    htim6                                    0x200020b4   Data          64  stm32f4xx_hal_timebase_tim.o(.bss.htim6)
    imageValue                               0x200020f4   Data          44  main.o(.bss.imageValue)
    img                                      0x20002120   Data        2016  ui.o(.bss.img)
    ui                                       0x20002900   Data          12  ui.o(.bss.ui)
    user_cdc_buffer                          0x2000290c   Data           6  main.o(.bss.user_cdc_buffer)
    uwTick                                   0x20002914   Data           4  stm32f4xx_hal.o(.bss.uwTick)
    __heap_base                              0x20002918   Data           0  startup_stm32f429xx.o(HEAP)
    __heap_limit                             0x20004918   Data           0  startup_stm32f429xx.o(HEAP)
    __initial_sp                             0x20008918   Data           0  startup_stm32f429xx.o(STACK)



==============================================================================

Memory Map of the image

  Image Entry point : 0x080001ad

  Load Region LR_IROM1 (Base: 0x08000000, Size: 0x00009638, Max: 0x00200000, ABSOLUTE, COMPRESSED[0x00009548])

    Execution Region ER_IROM1 (Exec base: 0x08000000, Load base: 0x08000000, Size: 0x00009454, Max: 0x00200000, ABSOLUTE)

    Exec Addr    Load Addr    Size         Type   Attr      Idx    E Section Name        Object

    0x08000000   0x08000000   0x000001ac   Data   RO            3    RESET               startup_stm32f429xx.o
    0x080001ac   0x080001ac   0x00000000   Code   RO         2412  * .ARM.Collect$$$$00000000  mc_w.l(entry.o)
    0x080001ac   0x080001ac   0x00000004   Code   RO         2451    .ARM.Collect$$$$00000001  mc_w.l(entry2.o)
    0x080001b0   0x080001b0   0x00000004   Code   RO         2454    .ARM.Collect$$$$00000004  mc_w.l(entry5.o)
    0x080001b4   0x080001b4   0x00000000   Code   RO         2456    .ARM.Collect$$$$00000008  mc_w.l(entry7b.o)
    0x080001b4   0x080001b4   0x00000000   Code   RO         2458    .ARM.Collect$$$$0000000A  mc_w.l(entry8b.o)
    0x080001b4   0x080001b4   0x00000008   Code   RO         2459    .ARM.Collect$$$$0000000B  mc_w.l(entry9a.o)
    0x080001bc   0x080001bc   0x00000000   Code   RO         2461    .ARM.Collect$$$$0000000D  mc_w.l(entry10a.o)
    0x080001bc   0x080001bc   0x00000000   Code   RO         2463    .ARM.Collect$$$$0000000F  mc_w.l(entry11a.o)
    0x080001bc   0x080001bc   0x00000004   Code   RO         2452    .ARM.Collect$$$$00002712  mc_w.l(entry2.o)
    0x080001c0   0x080001c0   0x00000024   Code   RO            4    .text               startup_stm32f429xx.o
    0x080001e4   0x080001e4   0x00000062   Code   RO         2415    .text               mc_w.l(uldiv.o)
    0x08000246   0x08000246   0x00000024   Code   RO         2417    .text               mc_w.l(memcpya.o)
    0x0800026a   0x0800026a   0x00000024   Code   RO         2419    .text               mc_w.l(memseta.o)
    0x0800028e   0x0800028e   0x0000001e   Code   RO         2465    .text               mc_w.l(llshl.o)
    0x080002ac   0x080002ac   0x00000020   Code   RO         2467    .text               mc_w.l(llushr.o)
    0x080002cc   0x080002cc   0x00000024   Code   RO         2471    .text               mc_w.l(init.o)
    0x080002f0   0x080002f0   0x00000056   Code   RO         2481    .text               mc_w.l(__dczerorl2.o)
    0x08000346   0x08000346   0x00000002   PAD
    0x08000348   0x08000348   0x00000038   Code   RO         2187    .text.BSP_LCD_Clear  stm32f429i_discovery_lcd.o
    0x08000380   0x08000380   0x0000000c   Code   RO         2227    .text.BSP_LCD_DisplayOn  stm32f429i_discovery_lcd.o
    0x0800038c   0x0800038c   0x000000b0   Code   RO           11    .text.BSP_LCD_DisplayStringAtLine90Degree  ui.o
    0x0800043c   0x0800043c   0x00000076   Code   RO           13    .text.BSP_LCD_DrawBitmap90Degree  ui.o
    0x080004b2   0x080004b2   0x00000002   PAD
    0x080004b4   0x080004b4   0x00000028   Code   RO         2207    .text.BSP_LCD_DrawPixel  stm32f429i_discovery_lcd.o
    0x080004dc   0x080004dc   0x00000054   Code   RO         2193    .text.BSP_LCD_FillRect  stm32f429i_discovery_lcd.o
    0x08000530   0x08000530   0x00000010   Code   RO         2183    .text.BSP_LCD_GetFont  stm32f429i_discovery_lcd.o
    0x08000540   0x08000540   0x0000008c   Code   RO         2135    .text.BSP_LCD_Init  stm32f429i_discovery_lcd.o
    0x080005cc   0x080005cc   0x00000088   Code   RO         2145    .text.BSP_LCD_LayerDefaultInit  stm32f429i_discovery_lcd.o
    0x08000654   0x08000654   0x00000130   Code   RO         2137    .text.BSP_LCD_MspInit  stm32f429i_discovery_lcd.o
    0x08000784   0x08000784   0x00000008   Code   RO         2147    .text.BSP_LCD_SelectLayer  stm32f429i_discovery_lcd.o
    0x0800078c   0x0800078c   0x00000010   Code   RO         2181    .text.BSP_LCD_SetBackColor  stm32f429i_discovery_lcd.o
    0x0800079c   0x0800079c   0x00000010   Code   RO         2139    .text.BSP_LCD_SetFont  stm32f429i_discovery_lcd.o
    0x080007ac   0x080007ac   0x00000014   Code   RO         2179    .text.BSP_LCD_SetTextColor  stm32f429i_discovery_lcd.o
    0x080007c0   0x080007c0   0x00000078   Code   RO         2253    .text.BSP_SDRAM_Init  stm32f429i_discovery_sdram.o
    0x08000838   0x08000838   0x00000090   Code   RO         2257    .text.BSP_SDRAM_Initialization_sequence  stm32f429i_discovery_sdram.o
    0x080008c8   0x080008c8   0x00000188   Code   RO         2255    .text.BSP_SDRAM_MspInit  stm32f429i_discovery_sdram.o
    0x08000a50   0x08000a50   0x00000002   Code   RO          342    .text.BusFault_Handler  stm32f4xx_it.o
    0x08000a52   0x08000a52   0x00000002   PAD
    0x08000a54   0x08000a54   0x00000044   Code   RO          315    .text.CDC_Control_HS  usbd_cdc_if.o
    0x08000a98   0x08000a98   0x00000004   Code   RO          313    .text.CDC_DeInit_HS  usbd_cdc_if.o
    0x08000a9c   0x08000a9c   0x00000024   Code   RO          311    .text.CDC_Init_HS   usbd_cdc_if.o
    0x08000ac0   0x08000ac0   0x0000002c   Code   RO          317    .text.CDC_Receive_HS  usbd_cdc_if.o
    0x08000aec   0x08000aec   0x00000004   Code   RO          319    .text.CDC_TransmitCplt_HS  usbd_cdc_if.o
    0x08000af0   0x08000af0   0x0000000c   Code   RO          356    .text.DMA1_Stream2_IRQHandler  stm32f4xx_it.o
    0x08000afc   0x08000afc   0x0000000c   Code   RO          374    .text.DMA2D_IRQHandler  stm32f4xx_it.o
    0x08000b08   0x08000b08   0x0000009c   Code   RO         1054    .text.DMA2D_SetConfig  stm32f4xx_hal_dma2d.o
    0x08000ba4   0x08000ba4   0x00000054   Code   RO          368    .text.DMA2_Stream0_IRQHandler  stm32f4xx_it.o
    0x08000bf8   0x08000bf8   0x00000034   Code   RO          790    .text.DMA_CalcBaseAndBitshift  stm32f4xx_hal_dma.o
    0x08000c2c   0x08000c2c   0x00000002   Code   RO          348    .text.DebugMon_Handler  stm32f4xx_it.o
    0x08000c2e   0x08000c2e   0x00000006   Code   RO          352    .text.EXTI0_IRQHandler  stm32f4xx_it.o
    0x08000c34   0x08000c34   0x00000008   Code   RO          362    .text.EXTI15_10_IRQHandler  stm32f4xx_it.o
    0x08000c3c   0x08000c3c   0x00000006   Code   RO          354    .text.EXTI3_IRQHandler  stm32f4xx_it.o
    0x08000c42   0x08000c42   0x00000002   Code   RO           43    .text.Error_Handler  main.o
    0x08000c44   0x08000c44   0x00000080   Code   RO         1149    .text.FMC_SDRAM_Init  stm32f4xx_ll_fmc.o
    0x08000cc4   0x08000cc4   0x0000000c   Code   RO         1161    .text.FMC_SDRAM_ProgramRefreshRate  stm32f4xx_ll_fmc.o
    0x08000cd0   0x08000cd0   0x0000004c   Code   RO         1159    .text.FMC_SDRAM_SendCommand  stm32f4xx_ll_fmc.o
    0x08000d1c   0x08000d1c   0x000000b4   Code   RO         1151    .text.FMC_SDRAM_Timing_Init  stm32f4xx_ll_fmc.o
    0x08000dd0   0x08000dd0   0x00000058   Code   RO         2189    .text.FillBuffer    stm32f429i_discovery_lcd.o
    0x08000e28   0x08000e28   0x00000002   Code   RO         1086    .text.HAL_DMA2D_CLUTLoadingCpltCallback  stm32f4xx_hal_dma2d.o
    0x08000e2a   0x08000e2a   0x00000002   PAD
    0x08000e2c   0x08000e2c   0x0000008c   Code   RO         1088    .text.HAL_DMA2D_ConfigLayer  stm32f4xx_hal_dma2d.o
    0x08000eb8   0x08000eb8   0x0000013e   Code   RO         1082    .text.HAL_DMA2D_IRQHandler  stm32f4xx_hal_dma2d.o
    0x08000ff6   0x08000ff6   0x00000052   Code   RO         1040    .text.HAL_DMA2D_Init  stm32f4xx_hal_dma2d.o
    0x08001048   0x08001048   0x00000002   Code   RO         1084    .text.HAL_DMA2D_LineEventCallback  stm32f4xx_hal_dma2d.o
    0x0800104a   0x0800104a   0x00000002   PAD
    0x0800104c   0x0800104c   0x00000040   Code   RO           94    .text.HAL_DMA2D_MspInit  dma2d.o
    0x0800108c   0x0800108c   0x000000ec   Code   RO         1080    .text.HAL_DMA2D_PollForTransfer  stm32f4xx_hal_dma2d.o
    0x08001178   0x08001178   0x00000030   Code   RO         1052    .text.HAL_DMA2D_Start  stm32f4xx_hal_dma2d.o
    0x080011a8   0x080011a8   0x0000005a   Code   RO          792    .text.HAL_DMA_DeInit  stm32f4xx_hal_dma.o
    0x08001202   0x08001202   0x00000002   PAD
    0x08001204   0x08001204   0x00000170   Code   RO          806    .text.HAL_DMA_IRQHandler  stm32f4xx_hal_dma.o
    0x08001374   0x08001374   0x00000118   Code   RO          788    .text.HAL_DMA_Init  stm32f4xx_hal_dma.o
    0x0800148c   0x0800148c   0x00000024   Code   RO          964    .text.HAL_Delay     stm32f4xx_hal.o
    0x080014b0   0x080014b0   0x000000d4   Code   RO          750    .text.HAL_GPIO_DeInit  stm32f4xx_hal_gpio.o
    0x08001584   0x08001584   0x00000084   Code   RO           37    .text.HAL_GPIO_EXTI_Callback  main.o
    0x08001608   0x08001608   0x00000014   Code   RO          760    .text.HAL_GPIO_EXTI_IRQHandler  stm32f4xx_hal_gpio.o
    0x0800161c   0x0800161c   0x0000019c   Code   RO          748    .text.HAL_GPIO_Init  stm32f4xx_hal_gpio.o
    0x080017b8   0x080017b8   0x0000000e   Code   RO          756    .text.HAL_GPIO_TogglePin  stm32f4xx_hal_gpio.o
    0x080017c6   0x080017c6   0x0000000a   Code   RO          754    .text.HAL_GPIO_WritePin  stm32f4xx_hal_gpio.o
    0x080017d0   0x080017d0   0x0000000c   Code   RO          956    .text.HAL_GetTick   stm32f4xx_hal.o
    0x080017dc   0x080017dc   0x0000003c   Code   RO         1364    .text.HAL_I2CEx_ConfigAnalogFilter  stm32f4xx_hal_i2c_ex.o
    0x08001818   0x08001818   0x0000003e   Code   RO         1366    .text.HAL_I2CEx_ConfigDigitalFilter  stm32f4xx_hal_i2c_ex.o
    0x08001856   0x08001856   0x00000002   PAD
    0x08001858   0x08001858   0x00000178   Code   RO         1231    .text.HAL_I2C_Init  stm32f4xx_hal_i2c.o
    0x080019d0   0x080019d0   0x000002c8   Code   RO         1247    .text.HAL_I2C_Master_Receive  stm32f4xx_hal_i2c.o
    0x08001c98   0x08001c98   0x000001a0   Code   RO         1239    .text.HAL_I2C_Master_Transmit  stm32f4xx_hal_i2c.o
    0x08001e38   0x08001e38   0x000000e4   Code   RO          128    .text.HAL_I2C_MspInit  i2c.o
    0x08001f1c   0x08001f1c   0x00000018   Code   RO          954    .text.HAL_IncTick   stm32f4xx_hal.o
    0x08001f34   0x08001f34   0x00000034   Code   RO          944    .text.HAL_Init      stm32f4xx_hal.o
    0x08001f68   0x08001f68   0x0000007c   Code   RO          394    .text.HAL_InitTick  stm32f4xx_hal_timebase_tim.o
    0x08001fe4   0x08001fe4   0x00000046   Code   RO         1393    .text.HAL_LTDC_ConfigLayer  stm32f4xx_hal_ltdc.o
    0x0800202a   0x0800202a   0x00000002   PAD
    0x0800202c   0x0800202c   0x0000002c   Code   RO         1409    .text.HAL_LTDC_EnableDither  stm32f4xx_hal_ltdc.o
    0x08002058   0x08002058   0x00000002   Code   RO         1387    .text.HAL_LTDC_ErrorCallback  stm32f4xx_hal_ltdc.o
    0x0800205a   0x0800205a   0x000000b6   Code   RO         1385    .text.HAL_LTDC_IRQHandler  stm32f4xx_hal_ltdc.o
    0x08002110   0x08002110   0x000000d4   Code   RO         1377    .text.HAL_LTDC_Init  stm32f4xx_hal_ltdc.o
    0x080021e4   0x080021e4   0x00000002   Code   RO         1389    .text.HAL_LTDC_LineEventCallback  stm32f4xx_hal_ltdc.o
    0x080021e6   0x080021e6   0x00000002   PAD
    0x080021e8   0x080021e8   0x00000190   Code   RO          145    .text.HAL_LTDC_MspInit  ltdc.o
    0x08002378   0x08002378   0x00000002   Code   RO         1391    .text.HAL_LTDC_ReloadEventCallback  stm32f4xx_hal_ltdc.o
    0x0800237a   0x0800237a   0x00000002   PAD
    0x0800237c   0x0800237c   0x00000038   Code   RO          385    .text.HAL_MspInit   stm32f4xx_hal_msp.o
    0x080023b4   0x080023b4   0x00000024   Code   RO          903    .text.HAL_NVIC_DisableIRQ  stm32f4xx_hal_cortex.o
    0x080023d8   0x080023d8   0x0000001c   Code   RO          901    .text.HAL_NVIC_EnableIRQ  stm32f4xx_hal_cortex.o
    0x080023f4   0x080023f4   0x00000038   Code   RO          897    .text.HAL_NVIC_SetPriority  stm32f4xx_hal_cortex.o
    0x0800242c   0x0800242c   0x00000020   Code   RO          895    .text.HAL_NVIC_SetPriorityGrouping  stm32f4xx_hal_cortex.o
    0x0800244c   0x0800244c   0x00000002   Code   RO          489    .text.HAL_PCDEx_LPM_Callback  stm32f4xx_hal_pcd_ex.o
    0x0800244e   0x0800244e   0x00000008   Code   RO          487    .text.HAL_PCDEx_SetRxFiFo  stm32f4xx_hal_pcd_ex.o
    0x08002456   0x08002456   0x00000040   Code   RO          485    .text.HAL_PCDEx_SetTxFiFo  stm32f4xx_hal_pcd_ex.o
    0x08002496   0x08002496   0x00000008   Code   RO          235    .text.HAL_PCD_ConnectCallback  usbd_conf.o
    0x0800249e   0x0800249e   0x00000012   Code   RO          221    .text.HAL_PCD_DataInStageCallback  usbd_conf.o
    0x080024b0   0x080024b0   0x00000014   Code   RO          219    .text.HAL_PCD_DataOutStageCallback  usbd_conf.o
    0x080024c4   0x080024c4   0x00000008   Code   RO          237    .text.HAL_PCD_DisconnectCallback  usbd_conf.o
    0x080024cc   0x080024cc   0x00000052   Code   RO          456    .text.HAL_PCD_EP_Close  stm32f4xx_hal_pcd.o
    0x0800251e   0x0800251e   0x00000060   Code   RO          466    .text.HAL_PCD_EP_ClrStall  stm32f4xx_hal_pcd.o
    0x0800257e   0x0800257e   0x00000012   Code   RO          460    .text.HAL_PCD_EP_GetRxCount  stm32f4xx_hal_pcd.o
    0x08002590   0x08002590   0x00000064   Code   RO          454    .text.HAL_PCD_EP_Open  stm32f4xx_hal_pcd.o
    0x080025f4   0x080025f4   0x00000042   Code   RO          458    .text.HAL_PCD_EP_Receive  stm32f4xx_hal_pcd.o
    0x08002636   0x08002636   0x0000006e   Code   RO          464    .text.HAL_PCD_EP_SetStall  stm32f4xx_hal_pcd.o
    0x080026a4   0x080026a4   0x0000003c   Code   RO          462    .text.HAL_PCD_EP_Transmit  stm32f4xx_hal_pcd.o
    0x080026e0   0x080026e0   0x000005ec   Code   RO          422    .text.HAL_PCD_IRQHandler  stm32f4xx_hal_pcd.o
    0x08002ccc   0x08002ccc   0x00000008   Code   RO          233    .text.HAL_PCD_ISOINIncompleteCallback  usbd_conf.o
    0x08002cd4   0x08002cd4   0x00000008   Code   RO          231    .text.HAL_PCD_ISOOUTIncompleteCallback  usbd_conf.o
    0x08002cdc   0x08002cdc   0x00000138   Code   RO          410    .text.HAL_PCD_Init  stm32f4xx_hal_pcd.o
    0x08002e14   0x08002e14   0x00000094   Code   RO          213    .text.HAL_PCD_MspInit  usbd_conf.o
    0x08002ea8   0x08002ea8   0x0000002a   Code   RO          225    .text.HAL_PCD_ResetCallback  usbd_conf.o
    0x08002ed2   0x08002ed2   0x00000008   Code   RO          229    .text.HAL_PCD_ResumeCallback  usbd_conf.o
    0x08002eda   0x08002eda   0x00000008   Code   RO          223    .text.HAL_PCD_SOFCallback  usbd_conf.o
    0x08002ee2   0x08002ee2   0x00000028   Code   RO          452    .text.HAL_PCD_SetAddress  stm32f4xx_hal_pcd.o
    0x08002f0a   0x08002f0a   0x0000000e   Code   RO          217    .text.HAL_PCD_SetupStageCallback  usbd_conf.o
    0x08002f18   0x08002f18   0x0000003e   Code   RO          418    .text.HAL_PCD_Start  stm32f4xx_hal_pcd.o
    0x08002f56   0x08002f56   0x00000002   PAD
    0x08002f58   0x08002f58   0x00000030   Code   RO          227    .text.HAL_PCD_SuspendCallback  usbd_conf.o
    0x08002f88   0x08002f88   0x00000214   Code   RO          645    .text.HAL_RCCEx_PeriphCLKConfig  stm32f4xx_hal_rcc_ex.o
    0x0800319c   0x0800319c   0x00000128   Code   RO          612    .text.HAL_RCC_ClockConfig  stm32f4xx_hal_rcc.o
    0x080032c4   0x080032c4   0x00000038   Code   RO          630    .text.HAL_RCC_GetClockConfig  stm32f4xx_hal_rcc.o
    0x080032fc   0x080032fc   0x00000008   Code   RO          622    .text.HAL_RCC_GetHCLKFreq  stm32f4xx_hal_rcc.o
    0x08003304   0x08003304   0x00000020   Code   RO          624    .text.HAL_RCC_GetPCLK1Freq  stm32f4xx_hal_rcc.o
    0x08003324   0x08003324   0x0000005c   Code   RO          614    .text.HAL_RCC_GetSysClockFreq  stm32f4xx_hal_rcc.o
    0x08003380   0x08003380   0x00000314   Code   RO          610    .text.HAL_RCC_OscConfig  stm32f4xx_hal_rcc.o
    0x08003694   0x08003694   0x00000040   Code   RO         1176    .text.HAL_SDRAM_Init  stm32f4xx_hal_sdram.o
    0x080036d4   0x080036d4   0x000000dc   Code   RO          110    .text.HAL_SDRAM_MspInit  fmc.o
    0x080037b0   0x080037b0   0x00000022   Code   RO         1214    .text.HAL_SDRAM_ProgramRefreshRate  stm32f4xx_hal_sdram.o
    0x080037d2   0x080037d2   0x00000030   Code   RO         1212    .text.HAL_SDRAM_SendCommand  stm32f4xx_hal_sdram.o
    0x08003802   0x08003802   0x0000002e   Code   RO         1473    .text.HAL_SPI_DeInit  stm32f4xx_hal_spi.o
    0x08003830   0x08003830   0x00000006   Code   RO         1567    .text.HAL_SPI_GetState  stm32f4xx_hal_spi.o
    0x08003836   0x08003836   0x00000078   Code   RO         1469    .text.HAL_SPI_Init  stm32f4xx_hal_spi.o
    0x080038ae   0x080038ae   0x00000002   PAD
    0x080038b0   0x080038b0   0x0000006c   Code   RO          165    .text.HAL_SPI_MspDeInit  spi.o
    0x0800391c   0x0800391c   0x00000170   Code   RO          163    .text.HAL_SPI_MspInit  spi.o
    0x08003a8c   0x08003a8c   0x0000012e   Code   RO         1481    .text.HAL_SPI_Receive  stm32f4xx_hal_spi.o
    0x08003bba   0x08003bba   0x0000015c   Code   RO         1477    .text.HAL_SPI_Transmit  stm32f4xx_hal_spi.o
    0x08003d16   0x08003d16   0x000001d0   Code   RO         1483    .text.HAL_SPI_TransmitReceive  stm32f4xx_hal_spi.o
    0x08003ee6   0x08003ee6   0x00000002   Code   RO         1893    .text.HAL_TIMEx_BreakCallback  stm32f4xx_hal_tim_ex.o
    0x08003ee8   0x08003ee8   0x00000002   Code   RO         1889    .text.HAL_TIMEx_CommutCallback  stm32f4xx_hal_tim_ex.o
    0x08003eea   0x08003eea   0x00000002   PAD
    0x08003eec   0x08003eec   0x00000084   Code   RO         1883    .text.HAL_TIMEx_MasterConfigSynchronization  stm32f4xx_hal_tim_ex.o
    0x08003f70   0x08003f70   0x00000034   Code   RO         1588    .text.HAL_TIM_Base_Init  stm32f4xx_hal_tim.o
    0x08003fa4   0x08003fa4   0x00000094   Code   RO          187    .text.HAL_TIM_Base_MspInit  tim.o
    0x08004038   0x08004038   0x00000020   Code   RO         1602    .text.HAL_TIM_Base_Start_IT  stm32f4xx_hal_tim.o
    0x08004058   0x08004058   0x000000f4   Code   RO         1772    .text.HAL_TIM_ConfigClockSource  stm32f4xx_hal_tim.o
    0x0800414c   0x0800414c   0x00000002   Code   RO         1724    .text.HAL_TIM_IC_CaptureCallback  stm32f4xx_hal_tim.o
    0x0800414e   0x0800414e   0x0000016c   Code   RO         1722    .text.HAL_TIM_IRQHandler  stm32f4xx_hal_tim.o
    0x080042ba   0x080042ba   0x00000002   PAD
    0x080042bc   0x080042bc   0x00000054   Code   RO          183    .text.HAL_TIM_MspPostInit  tim.o
    0x08004310   0x08004310   0x00000002   Code   RO         1726    .text.HAL_TIM_OC_DelayElapsedCallback  stm32f4xx_hal_tim.o
    0x08004312   0x08004312   0x00000046   Code   RO         1686    .text.HAL_TIM_OnePulse_Init  stm32f4xx_hal_tim.o
    0x08004358   0x08004358   0x00000002   Code   RO         1688    .text.HAL_TIM_OnePulse_MspInit  stm32f4xx_hal_tim.o
    0x0800435a   0x0800435a   0x00000002   PAD
    0x0800435c   0x0800435c   0x0000009c   Code   RO         1750    .text.HAL_TIM_PWM_ConfigChannel  stm32f4xx_hal_tim.o
    0x080043f8   0x080043f8   0x00000034   Code   RO         1642    .text.HAL_TIM_PWM_Init  stm32f4xx_hal_tim.o
    0x0800442c   0x0800442c   0x00000002   Code   RO         1644    .text.HAL_TIM_PWM_MspInit  stm32f4xx_hal_tim.o
    0x0800442e   0x0800442e   0x00000002   PAD
    0x08004430   0x08004430   0x000000d8   Code   RO           45    .text.HAL_TIM_PWM_PulseFinishedCallback  main.o
    0x08004508   0x08004508   0x000000a4   Code   RO           47    .text.HAL_TIM_PeriodElapsedCallback  main.o
    0x080045ac   0x080045ac   0x00000002   Code   RO         1732    .text.HAL_TIM_TriggerCallback  stm32f4xx_hal_tim.o
    0x080045ae   0x080045ae   0x00000002   Code   RO          338    .text.HardFault_Handler  stm32f4xx_it.o
    0x080045b0   0x080045b0   0x00000030   Code   RO         1353    .text.I2C_IsAcknowledgeFailed  stm32f4xx_hal_i2c.o
    0x080045e0   0x080045e0   0x0000004c   Code   RO         1245    .text.I2C_WaitOnBTFFlagUntilTimeout  stm32f4xx_hal_i2c.o
    0x0800462c   0x0800462c   0x00000076   Code   RO         1241    .text.I2C_WaitOnFlagUntilTimeout  stm32f4xx_hal_i2c.o
    0x080046a2   0x080046a2   0x00000096   Code   RO         1351    .text.I2C_WaitOnMasterAddressFlagUntilTimeout  stm32f4xx_hal_i2c.o
    0x08004738   0x08004738   0x0000005e   Code   RO         1249    .text.I2C_WaitOnRXNEFlagUntilTimeout  stm32f4xx_hal_i2c.o
    0x08004796   0x08004796   0x0000004c   Code   RO         1243    .text.I2C_WaitOnTXEFlagUntilTimeout  stm32f4xx_hal_i2c.o
    0x080047e2   0x080047e2   0x0000002e   Code   RO          295    .text.IntToUnicode  usbd_desc.o
    0x08004810   0x08004810   0x00000004   Code   RO         2086    .text.LCD_Delay     stm32f429i_discovery.o
    0x08004814   0x08004814   0x000000c8   Code   RO         2074    .text.LCD_IO_Init   stm32f429i_discovery.o
    0x080048dc   0x080048dc   0x00000060   Code   RO         2084    .text.LCD_IO_ReadData  stm32f429i_discovery.o
    0x0800493c   0x0800493c   0x00000030   Code   RO         2078    .text.LCD_IO_WriteData  stm32f429i_discovery.o
    0x0800496c   0x0800496c   0x00000038   Code   RO         2082    .text.LCD_IO_WriteReg  stm32f429i_discovery.o
    0x080049a4   0x080049a4   0x0000000c   Code   RO          372    .text.LTDC_IRQHandler  stm32f4xx_it.o
    0x080049b0   0x080049b0   0x00000120   Code   RO         1395    .text.LTDC_SetConfig  stm32f4xx_hal_ltdc.o
    0x08004ad0   0x08004ad0   0x00000040   Code   RO           92    .text.MX_DMA2D_Init  dma2d.o
    0x08004b10   0x08004b10   0x00000058   Code   RO           82    .text.MX_DMA_Init   dma.o
    0x08004b68   0x08004b68   0x00000060   Code   RO          108    .text.MX_FMC_Init   fmc.o
    0x08004bc8   0x08004bc8   0x00000218   Code   RO           72    .text.MX_GPIO_Init  gpio.o
    0x08004de0   0x08004de0   0x00000058   Code   RO          126    .text.MX_I2C3_Init  i2c.o
    0x08004e38   0x08004e38   0x00000098   Code   RO          143    .text.MX_LTDC_Init  ltdc.o
    0x08004ed0   0x08004ed0   0x00000048   Code   RO          159    .text.MX_SPI3_Init  spi.o
    0x08004f18   0x08004f18   0x00000040   Code   RO          161    .text.MX_SPI4_Init  spi.o
    0x08004f58   0x08004f58   0x00000068   Code   RO          179    .text.MX_TIM3_Init  tim.o
    0x08004fc0   0x08004fc0   0x000000ac   Code   RO          181    .text.MX_TIM4_Init  tim.o
    0x0800506c   0x0800506c   0x000000a4   Code   RO          185    .text.MX_TIM5_Init  tim.o
    0x08005110   0x08005110   0x00000050   Code   RO          203    .text.MX_USB_DEVICE_Init  usb_device.o
    0x08005160   0x08005160   0x00000002   Code   RO          340    .text.MemManage_Handler  stm32f4xx_it.o
    0x08005162   0x08005162   0x00000002   Code   RO          336    .text.NMI_Handler   stm32f4xx_it.o
    0x08005164   0x08005164   0x0000000c   Code   RO          370    .text.OTG_HS_IRQHandler  stm32f4xx_it.o
    0x08005170   0x08005170   0x00000002   Code   RO          350    .text.PendSV_Handler  stm32f4xx_it.o
    0x08005172   0x08005172   0x00000050   Code   RO         1485    .text.SPI_EndRxTransaction  stm32f4xx_hal_spi.o
    0x080051c2   0x080051c2   0x00000002   PAD
    0x080051c4   0x080051c4   0x00000058   Code   RO         1479    .text.SPI_EndRxTxTransaction  stm32f4xx_hal_spi.o
    0x0800521c   0x0800521c   0x00000080   Code   RO         1577    .text.SPI_WaitFlagStateUntilTimeout  stm32f4xx_hal_spi.o
    0x0800529c   0x0800529c   0x00000010   Code   RO         2112    .text.SPIx_Error    stm32f429i_discovery.o
    0x080052ac   0x080052ac   0x00000090   Code   RO         2076    .text.SPIx_Init     stm32f429i_discovery.o
    0x0800533c   0x0800533c   0x00000028   Code   RO         2080    .text.SPIx_Write    stm32f429i_discovery.o
    0x08005364   0x08005364   0x00000002   Code   RO          346    .text.SVC_Handler   stm32f4xx_it.o
    0x08005366   0x08005366   0x00000002   PAD
    0x08005368   0x08005368   0x000000c4   Code   RO           21    .text.ScreenDrawLoop  ui.o
    0x0800542c   0x0800542c   0x000000a8   Code   RO           41    .text.SystemClock_Config  main.o
    0x080054d4   0x080054d4   0x0000001c   Code   RO         1906    .text.SystemInit    system_stm32f4xx.o
    0x080054f0   0x080054f0   0x0000000c   Code   RO          358    .text.TIM3_IRQHandler  stm32f4xx_it.o
    0x080054fc   0x080054fc   0x0000000c   Code   RO          360    .text.TIM4_IRQHandler  stm32f4xx_it.o
    0x08005508   0x08005508   0x0000000c   Code   RO          364    .text.TIM5_IRQHandler  stm32f4xx_it.o
    0x08005514   0x08005514   0x0000000c   Code   RO          366    .text.TIM6_DAC_IRQHandler  stm32f4xx_it.o
    0x08005520   0x08005520   0x000000d0   Code   RO         1592    .text.TIM_Base_SetConfig  stm32f4xx_hal_tim.o
    0x080055f0   0x080055f0   0x00000054   Code   RO         1736    .text.TIM_OC1_SetConfig  stm32f4xx_hal_tim.o
    0x08005644   0x08005644   0x00000060   Code   RO         1738    .text.TIM_OC2_SetConfig  stm32f4xx_hal_tim.o
    0x080056a4   0x080056a4   0x00000064   Code   RO         1740    .text.TIM_OC3_SetConfig  stm32f4xx_hal_tim.o
    0x08005708   0x08005708   0x00000048   Code   RO         1742    .text.TIM_OC4_SetConfig  stm32f4xx_hal_tim.o
    0x08005750   0x08005750   0x00000022   Code   RO         1774    .text.TIM_TI1_ConfigInputStage  stm32f4xx_hal_tim.o
    0x08005772   0x08005772   0x00000022   Code   RO         1776    .text.TIM_TI2_ConfigInputStage  stm32f4xx_hal_tim.o
    0x08005794   0x08005794   0x00000114   Code   RO           15    .text.UI_Initial    ui.o
    0x080058a8   0x080058a8   0x00000060   Code   RO         2024    .text.USBD_CDC_DataIn  usbd_cdc.o
    0x08005908   0x08005908   0x0000002a   Code   RO         2026    .text.USBD_CDC_DataOut  usbd_cdc.o
    0x08005932   0x08005932   0x00000002   PAD
    0x08005934   0x08005934   0x00000044   Code   RO         2018    .text.USBD_CDC_DeInit  usbd_cdc.o
    0x08005978   0x08005978   0x00000028   Code   RO         2022    .text.USBD_CDC_EP0_RxReady  usbd_cdc.o
    0x080059a0   0x080059a0   0x0000000c   Code   RO         2034    .text.USBD_CDC_GetDeviceQualifierDescriptor  usbd_cdc.o
    0x080059ac   0x080059ac   0x0000000c   Code   RO         2030    .text.USBD_CDC_GetFSCfgDesc  usbd_cdc.o
    0x080059b8   0x080059b8   0x0000000c   Code   RO         2028    .text.USBD_CDC_GetHSCfgDesc  usbd_cdc.o
    0x080059c4   0x080059c4   0x0000000c   Code   RO         2032    .text.USBD_CDC_GetOtherSpeedCfgDesc  usbd_cdc.o
    0x080059d0   0x080059d0   0x00000098   Code   RO         2016    .text.USBD_CDC_Init  usbd_cdc.o
    0x08005a68   0x08005a68   0x00000026   Code   RO         2044    .text.USBD_CDC_ReceivePacket  usbd_cdc.o
    0x08005a8e   0x08005a8e   0x0000000e   Code   RO         2036    .text.USBD_CDC_RegisterInterface  usbd_cdc.o
    0x08005a9c   0x08005a9c   0x0000000c   Code   RO         2040    .text.USBD_CDC_SetRxBuffer  usbd_cdc.o
    0x08005aa8   0x08005aa8   0x00000010   Code   RO         2038    .text.USBD_CDC_SetTxBuffer  usbd_cdc.o
    0x08005ab8   0x08005ab8   0x000000b0   Code   RO         2020    .text.USBD_CDC_Setup  usbd_cdc.o
    0x08005b68   0x08005b68   0x00000010   Code   RO         1936    .text.USBD_ClrClassConfig  usbd_core.o
    0x08005b78   0x08005b78   0x00000010   Code   RO         1999    .text.USBD_CtlContinueRx  usbd_ioreq.o
    0x08005b88   0x08005b88   0x00000010   Code   RO         1995    .text.USBD_CtlContinueSendData  usbd_ioreq.o
    0x08005b98   0x08005b98   0x00000016   Code   RO         1973    .text.USBD_CtlError  usbd_ctlreq.o
    0x08005bae   0x08005bae   0x0000001a   Code   RO         1997    .text.USBD_CtlPrepareRx  usbd_ioreq.o
    0x08005bc8   0x08005bc8   0x00000016   Code   RO         2003    .text.USBD_CtlReceiveStatus  usbd_ioreq.o
    0x08005bde   0x08005bde   0x0000001a   Code   RO         1993    .text.USBD_CtlSendData  usbd_ioreq.o
    0x08005bf8   0x08005bf8   0x00000016   Code   RO         2001    .text.USBD_CtlSendStatus  usbd_ioreq.o
    0x08005c0e   0x08005c0e   0x0000003a   Code   RO         1981    .text.USBD_GetString  usbd_ctlreq.o
    0x08005c48   0x08005c48   0x00000018   Code   RO          243    .text.USBD_Get_USB_Status  usbd_conf.o
    0x08005c60   0x08005c60   0x00000020   Code   RO          291    .text.USBD_HS_ConfigStrDescriptor  usbd_desc.o
    0x08005c80   0x08005c80   0x0000000c   Code   RO          281    .text.USBD_HS_DeviceDescriptor  usbd_desc.o
    0x08005c8c   0x08005c8c   0x00000024   Code   RO          293    .text.USBD_HS_InterfaceStrDescriptor  usbd_desc.o
    0x08005cb0   0x08005cb0   0x0000000c   Code   RO          283    .text.USBD_HS_LangIDStrDescriptor  usbd_desc.o
    0x08005cbc   0x08005cbc   0x00000028   Code   RO          285    .text.USBD_HS_ManufacturerStrDescriptor  usbd_desc.o
    0x08005ce4   0x08005ce4   0x00000030   Code   RO          287    .text.USBD_HS_ProductStrDescriptor  usbd_desc.o
    0x08005d14   0x08005d14   0x00000034   Code   RO          289    .text.USBD_HS_SerialStrDescriptor  usbd_desc.o
    0x08005d48   0x08005d48   0x00000030   Code   RO         1922    .text.USBD_Init     usbd_core.o
    0x08005d78   0x08005d78   0x00000012   Code   RO          257    .text.USBD_LL_ClearStallEP  usbd_conf.o
    0x08005d8a   0x08005d8a   0x00000012   Code   RO          251    .text.USBD_LL_CloseEP  usbd_conf.o
    0x08005d9c   0x08005d9c   0x000000a6   Code   RO         1942    .text.USBD_LL_DataInStage  usbd_core.o
    0x08005e42   0x08005e42   0x00000068   Code   RO         1940    .text.USBD_LL_DataOutStage  usbd_core.o
    0x08005eaa   0x08005eaa   0x00000004   Code   RO         1958    .text.USBD_LL_DevConnected  usbd_core.o
    0x08005eae   0x08005eae   0x00000018   Code   RO         1960    .text.USBD_LL_DevDisconnected  usbd_core.o
    0x08005ec6   0x08005ec6   0x00000008   Code   RO          267    .text.USBD_LL_GetRxDataSize  usbd_conf.o
    0x08005ece   0x08005ece   0x00000002   PAD
    0x08005ed0   0x08005ed0   0x0000006c   Code   RO          239    .text.USBD_LL_Init  usbd_conf.o
    0x08005f3c   0x08005f3c   0x00000020   Code   RO          259    .text.USBD_LL_IsStallEP  usbd_conf.o
    0x08005f5c   0x08005f5c   0x00000004   Code   RO         1954    .text.USBD_LL_IsoINIncomplete  usbd_core.o
    0x08005f60   0x08005f60   0x00000004   Code   RO         1956    .text.USBD_LL_IsoOUTIncomplete  usbd_core.o
    0x08005f64   0x08005f64   0x00000018   Code   RO          249    .text.USBD_LL_OpenEP  usbd_conf.o
    0x08005f7c   0x08005f7c   0x00000012   Code   RO          265    .text.USBD_LL_PrepareReceive  usbd_conf.o
    0x08005f8e   0x08005f8e   0x00000052   Code   RO         1944    .text.USBD_LL_Reset  usbd_core.o
    0x08005fe0   0x08005fe0   0x00000014   Code   RO         1950    .text.USBD_LL_Resume  usbd_core.o
    0x08005ff4   0x08005ff4   0x00000018   Code   RO         1952    .text.USBD_LL_SOF   usbd_core.o
    0x0800600c   0x0800600c   0x00000006   Code   RO         1946    .text.USBD_LL_SetSpeed  usbd_core.o
    0x08006012   0x08006012   0x00000012   Code   RO          261    .text.USBD_LL_SetUSBAddress  usbd_conf.o
    0x08006024   0x08006024   0x0000005c   Code   RO         1938    .text.USBD_LL_SetupStage  usbd_core.o
    0x08006080   0x08006080   0x00000012   Code   RO          255    .text.USBD_LL_StallEP  usbd_conf.o
    0x08006092   0x08006092   0x00000012   Code   RO          245    .text.USBD_LL_Start  usbd_conf.o
    0x080060a4   0x080060a4   0x00000012   Code   RO         1948    .text.USBD_LL_Suspend  usbd_core.o
    0x080060b6   0x080060b6   0x00000012   Code   RO          263    .text.USBD_LL_Transmit  usbd_conf.o
    0x080060c8   0x080060c8   0x00000016   Code   RO         1979    .text.USBD_ParseSetupRequest  usbd_ctlreq.o
    0x080060de   0x080060de   0x00000024   Code   RO         1926    .text.USBD_RegisterClass  usbd_core.o
    0x08006102   0x08006102   0x0000000e   Code   RO         1934    .text.USBD_SetClassConfig  usbd_core.o
    0x08006110   0x08006110   0x00000004   Code   RO         1928    .text.USBD_Start    usbd_core.o
    0x08006114   0x08006114   0x000002b8   Code   RO         1971    .text.USBD_StdDevReq  usbd_ctlreq.o
    0x080063cc   0x080063cc   0x0000013a   Code   RO         1977    .text.USBD_StdEPReq  usbd_ctlreq.o
    0x08006506   0x08006506   0x0000004c   Code   RO         1975    .text.USBD_StdItfReq  usbd_ctlreq.o
    0x08006552   0x08006552   0x00000002   PAD
    0x08006554   0x08006554   0x0000007c   Code   RO          524    .text.USB_ActivateEndpoint  stm32f4xx_ll_usb.o
    0x080065d0   0x080065d0   0x0000001e   Code   RO          566    .text.USB_ActivateSetup  stm32f4xx_ll_usb.o
    0x080065ee   0x080065ee   0x00000002   PAD
    0x080065f0   0x080065f0   0x00000074   Code   RO          502    .text.USB_CoreInit  stm32f4xx_ll_usb.o
    0x08006664   0x08006664   0x00000030   Code   RO          504    .text.USB_CoreReset  stm32f4xx_ll_usb.o
    0x08006694   0x08006694   0x00000090   Code   RO          528    .text.USB_DeactivateEndpoint  stm32f4xx_ll_usb.o
    0x08006724   0x08006724   0x0000001c   Code   RO          548    .text.USB_DevConnect  stm32f4xx_ll_usb.o
    0x08006740   0x08006740   0x0000001c   Code   RO          550    .text.USB_DevDisconnect  stm32f4xx_ll_usb.o
    0x0800675c   0x0800675c   0x00000188   Code   RO          514    .text.USB_DevInit   stm32f4xx_ll_usb.o
    0x080068e4   0x080068e4   0x0000000c   Code   RO          510    .text.USB_DisableGlobalInt  stm32f4xx_ll_usb.o
    0x080068f0   0x080068f0   0x000000e4   Code   RO          536    .text.USB_EP0StartXfer  stm32f4xx_ll_usb.o
    0x080069d4   0x080069d4   0x00000058   Code   RO          568    .text.USB_EP0_OutStart  stm32f4xx_ll_usb.o
    0x08006a2c   0x08006a2c   0x00000030   Code   RO          542    .text.USB_EPClearStall  stm32f4xx_ll_usb.o
    0x08006a5c   0x08006a5c   0x00000038   Code   RO          540    .text.USB_EPSetStall  stm32f4xx_ll_usb.o
    0x08006a94   0x08006a94   0x0000015c   Code   RO          532    .text.USB_EPStartXfer  stm32f4xx_ll_usb.o
    0x08006bf0   0x08006bf0   0x0000000c   Code   RO          508    .text.USB_EnableGlobalInt  stm32f4xx_ll_usb.o
    0x08006bfc   0x08006bfc   0x0000001c   Code   RO          520    .text.USB_FlushRxFifo  stm32f4xx_ll_usb.o
    0x08006c18   0x08006c18   0x00000020   Code   RO          518    .text.USB_FlushTxFifo  stm32f4xx_ll_usb.o
    0x08006c38   0x08006c38   0x0000001c   Code   RO          522    .text.USB_GetDevSpeed  stm32f4xx_ll_usb.o
    0x08006c54   0x08006c54   0x00000008   Code   RO          564    .text.USB_GetMode   stm32f4xx_ll_usb.o
    0x08006c5c   0x08006c5c   0x0000000e   Code   RO          556    .text.USB_ReadDevAllInEpInterrupt  stm32f4xx_ll_usb.o
    0x08006c6a   0x08006c6a   0x0000000e   Code   RO          554    .text.USB_ReadDevAllOutEpInterrupt  stm32f4xx_ll_usb.o
    0x08006c78   0x08006c78   0x00000024   Code   RO          560    .text.USB_ReadDevInEPInterrupt  stm32f4xx_ll_usb.o
    0x08006c9c   0x08006c9c   0x00000010   Code   RO          558    .text.USB_ReadDevOutEPInterrupt  stm32f4xx_ll_usb.o
    0x08006cac   0x08006cac   0x00000008   Code   RO          552    .text.USB_ReadInterrupts  stm32f4xx_ll_usb.o
    0x08006cb4   0x08006cb4   0x0000001a   Code   RO          538    .text.USB_ReadPacket  stm32f4xx_ll_usb.o
    0x08006cce   0x08006cce   0x0000002e   Code   RO          512    .text.USB_SetCurrentMode  stm32f4xx_ll_usb.o
    0x08006cfc   0x08006cfc   0x00000020   Code   RO          546    .text.USB_SetDevAddress  stm32f4xx_ll_usb.o
    0x08006d1c   0x08006d1c   0x000000f0   Code   RO          506    .text.USB_SetTurnaroundTime  stm32f4xx_ll_usb.o
    0x08006e0c   0x08006e0c   0x00000020   Code   RO          534    .text.USB_WritePacket  stm32f4xx_ll_usb.o
    0x08006e2c   0x08006e2c   0x00000002   Code   RO          344    .text.UsageFault_Handler  stm32f4xx_it.o
    0x08006e2e   0x08006e2e   0x00000002   PAD
    0x08006e30   0x08006e30   0x00000024   Code   RO          899    .text.__NVIC_SetPriority  stm32f4xx_hal_cortex.o
    0x08006e54   0x08006e54   0x00000060   Code   RO           17    .text.createFrame   ui.o
    0x08006eb4   0x08006eb4   0x00000006   Code   RO         2311    .text.ili9341_DisplayOff  ili9341.o
    0x08006eba   0x08006eba   0x00000006   Code   RO         2309    .text.ili9341_DisplayOn  ili9341.o
    0x08006ec0   0x08006ec0   0x00000006   Code   RO         2315    .text.ili9341_GetLcdPixelHeight  ili9341.o
    0x08006ec6   0x08006ec6   0x00000004   Code   RO         2313    .text.ili9341_GetLcdPixelWidth  ili9341.o
    0x08006eca   0x08006eca   0x00000002   PAD
    0x08006ecc   0x08006ecc   0x000001cc   Code   RO         2305    .text.ili9341_Init  ili9341.o
    0x08007098   0x08007098   0x00000012   Code   RO         2307    .text.ili9341_ReadID  ili9341.o
    0x080070aa   0x080070aa   0x00000004   Code   RO         2319    .text.ili9341_WriteData  ili9341.o
    0x080070ae   0x080070ae   0x00000002   PAD
    0x080070b0   0x080070b0   0x00000078   Code   RO           39    .text.main          main.o
    0x08007128   0x08007128   0x00000134   Code   RO           19    .text.setADC        ui.o
    0x0800725c   0x0800725c   0x0000000e   Code   RO         2475    i.__scatterload_copy  mc_w.l(handlers.o)
    0x0800726a   0x0800726a   0x00000002   Code   RO         2476    i.__scatterload_null  mc_w.l(handlers.o)
    0x0800726c   0x0800726c   0x0000000e   Code   RO         2477    i.__scatterload_zeroinit  mc_w.l(handlers.o)
    0x0800727a   0x0800727a   0x00000002   PAD
    0x0800727c   0x0800727c   0x00000050   Code   RO         2423    i.free              mc_w.l(malloc.o)
    0x080072cc   0x080072cc   0x0000006c   Code   RO         2424    i.malloc            mc_w.l(malloc.o)
    0x08007338   0x08007338   0x00000010   Data   RO         1911    .rodata.AHBPrescTable  system_stm32f4xx.o
    0x08007348   0x08007348   0x00000008   Data   RO         1912    .rodata.APBPrescTable  system_stm32f4xx.o
    0x08007350   0x08007350   0x00000474   Data   RO         2237    .rodata.Font12_Table  stm32f429i_discovery_lcd.o
    0x080077c4   0x080077c4   0x00001ab8   Data   RO         2231    .rodata.Font24_Table  stm32f429i_discovery_lcd.o
    0x0800927c   0x0800927c   0x00000020   Data   RO         1457    .rodata.cst32       stm32f4xx_hal_ltdc.o
    0x0800929c   0x0800929c   0x00000180   Data   RO           23    .rodata.gImage_goaltop_64x48  ui.o
    0x0800941c   0x0800941c   0x00000016   Data   RO           25    .rodata.str1.1      ui.o
    0x08009432   0x08009432   0x00000002   PAD
    0x08009434   0x08009434   0x00000020   Data   RO         2474    Region$$Table       anon$$obj.o


    Execution Region RW_IRAM2 (Exec base: 0x10000000, Load base: 0x08009548, Size: 0x00000000, Max: 0x00010000, ABSOLUTE)

    **** No section assigned to this execution region ****


    Execution Region RW_IRAM1 (Exec base: 0x20000000, Load base: 0x08009458, Size: 0x00008918, Max: 0x00030000, ABSOLUTE, COMPRESSED[0x000000f0])

    Exec Addr    Load Addr    Size         Type   Attr      Idx    E Section Name        Object

    0x20000000   COMPRESSED   0x00000004   Data   RW         2469    .data               mc_w.l(mvars.o)
    0x20000004   COMPRESSED   0x00000004   Data   RW         2470    .data               mc_w.l(mvars.o)
    0x20000008   COMPRESSED   0x00000008   Data   RW         1003    .data..L_MergedGlobals  stm32f4xx_hal.o
    0x20000010   COMPRESSED   0x00000001   Data   RW           51    .data.ADC_select    main.o
    0x20000011   COMPRESSED   0x00000003   PAD
    0x20000014   COMPRESSED   0x00000008   Data   RW         2238    .data.Font12        stm32f429i_discovery_lcd.o
    0x2000001c   COMPRESSED   0x00000008   Data   RW         2232    .data.Font24        stm32f429i_discovery_lcd.o
    0x20000024   COMPRESSED   0x0000001c   Data   RW          297    .data.HS_Desc       usbd_desc.o
    0x20000040   COMPRESSED   0x00000008   Data   RW          323    .data.LineCoding    usbd_cdc_if.o
    0x20000048   COMPRESSED   0x00000004   Data   RW         2122    .data.SpixTimeout   stm32f429i_discovery.o
    0x2000004c   COMPRESSED   0x00000004   Data   RW         1910    .data.SystemCoreClock  system_stm32f4xx.o
    0x20000050   COMPRESSED   0x00000038   Data   RW         2046    .data.USBD_CDC      usbd_cdc.o
    0x20000088   COMPRESSED   0x00000043   Data   RW         2048    .data.USBD_CDC_CfgFSDesc  usbd_cdc.o
    0x200000cb   COMPRESSED   0x00000001   PAD
    0x200000cc   COMPRESSED   0x00000043   Data   RW         2049    .data.USBD_CDC_CfgHSDesc  usbd_cdc.o
    0x2000010f   COMPRESSED   0x00000001   PAD
    0x20000110   COMPRESSED   0x0000000a   Data   RW         2047    .data.USBD_CDC_DeviceQualifierDesc  usbd_cdc.o
    0x2000011a   COMPRESSED   0x00000002   PAD
    0x2000011c   COMPRESSED   0x00000043   Data   RW         2050    .data.USBD_CDC_OtherSpeedCfgDesc  usbd_cdc.o
    0x2000015f   COMPRESSED   0x00000001   PAD
    0x20000160   COMPRESSED   0x00000012   Data   RW          298    .data.USBD_HS_DeviceDesc  usbd_desc.o
    0x20000172   COMPRESSED   0x00000002   PAD
    0x20000174   COMPRESSED   0x00000014   Data   RW          324    .data.USBD_Interface_fops_HS  usbd_cdc_if.o
    0x20000188   COMPRESSED   0x00000004   Data   RW          299    .data.USBD_LangIDDesc  usbd_desc.o
    0x2000018c   COMPRESSED   0x0000001a   Data   RW          300    .data.USBD_StringSerial  usbd_desc.o
    0x200001a6   COMPRESSED   0x00000002   PAD
    0x200001a8   COMPRESSED   0x00000038   Data   RW         2323    .data.ili9341_drv   ili9341.o
    0x200001e0        -       0x00000050   Zero   RW         2243    .bss..L_MergedGlobals  stm32f429i_discovery_lcd.o
    0x20000230        -       0x00000064   Zero   RW         2275    .bss..L_MergedGlobals  stm32f429i_discovery_sdram.o
    0x20000294        -       0x00000060   Zero   RW         2273    .bss.BSP_SDRAM_MspInit.dmaHandle  stm32f429i_discovery_sdram.o
    0x200002f4        -       0x00000040   Zero   RW         2242    .bss.Dma2dHandler   stm32f429i_discovery_lcd.o
    0x20000334        -       0x00000001   Zero   RW          115    .bss.FMC_Initialized  fmc.o
    0x20000335        -       0x00000001   Zero   RW         2123    .bss.Is_LCD_IO_Initialized  stm32f429i_discovery.o
    0x20000336   COMPRESSED   0x00000002   PAD
    0x20000338        -       0x000000a8   Zero   RW         2241    .bss.LtdcHandler    stm32f429i_discovery_lcd.o
    0x200003e0        -       0x00000058   Zero   RW         2125    .bss.SpiHandle      stm32f429i_discovery.o
    0x20000438        -       0x00000001   Zero   RW         1983    .bss.USBD_SetConfig.cfgidx  usbd_ctlreq.o
    0x20000439   COMPRESSED   0x00000003   PAD
    0x2000043c        -       0x00000200   Zero   RW          301    .bss.USBD_StrDesc   usbd_desc.o
    0x2000063c        -       0x00000800   Zero   RW          325    .bss.UserRxBufferHS  usbd_cdc_if.o
    0x20000e3c        -       0x00000800   Zero   RW          326    .bss.UserTxBufferHS  usbd_cdc_if.o
    0x2000163c        -       0x000002d0   Zero   RW          205    .bss.hUsbDeviceHS   usb_device.o
    0x2000190c        -       0x00000040   Zero   RW           98    .bss.hdma2d         dma2d.o
    0x2000194c        -       0x00000060   Zero   RW          133    .bss.hdma_i2c3_rx   i2c.o
    0x200019ac        -       0x00000060   Zero   RW          169    .bss.hdma_spi4_rx   spi.o
    0x20001a0c        -       0x00000054   Zero   RW          132    .bss.hi2c3          i2c.o
    0x20001a60        -       0x000000a8   Zero   RW          149    .bss.hltdc          ltdc.o
    0x20001b08        -       0x00000408   Zero   RW          271    .bss.hpcd_USB_OTG_HS  usbd_conf.o
    0x20001f10        -       0x00000034   Zero   RW          114    .bss.hsdram1        fmc.o
    0x20001f44        -       0x00000058   Zero   RW          167    .bss.hspi3          spi.o
    0x20001f9c        -       0x00000058   Zero   RW          168    .bss.hspi4          spi.o
    0x20001ff4        -       0x00000040   Zero   RW          191    .bss.htim3          tim.o
    0x20002034        -       0x00000040   Zero   RW          192    .bss.htim4          tim.o
    0x20002074        -       0x00000040   Zero   RW          193    .bss.htim5          tim.o
    0x200020b4        -       0x00000040   Zero   RW          400    .bss.htim6          stm32f4xx_hal_timebase_tim.o
    0x200020f4        -       0x0000002c   Zero   RW           57    .bss.imageValue     main.o
    0x20002120        -       0x000007e0   Zero   RW           26    .bss.img            ui.o
    0x20002900        -       0x0000000c   Zero   RW           24    .bss.ui             ui.o
    0x2000290c        -       0x00000006   Zero   RW           58    .bss.user_cdc_buffer  main.o
    0x20002912   COMPRESSED   0x00000002   PAD
    0x20002914        -       0x00000004   Zero   RW         1002    .bss.uwTick         stm32f4xx_hal.o
    0x20002918        -       0x00002000   Zero   RW            2    HEAP                startup_stm32f429xx.o
    0x20004918        -       0x00004000   Zero   RW            1    STACK               startup_stm32f429xx.o


==============================================================================

Image component sizes


      Code (inc. data)   RO Data    RW Data    ZI Data      Debug   Object Name

        88          4          0          0          0       3516   dma.o
       128         16          0          0         64       5481   dma2d.o
       316         20          0          0         53       5305   fmc.o
       536         28          0          0          0       4496   gpio.o
       316         28          0          0        180       5331   i2c.o
       504          8          0         56          0       4093   ili9341.o
       552         20          0          0        168       6522   ltdc.o
       802         64          0          1         50       9436   main.o
       612         52          0          0        272       5435   spi.o
        36          8        428          0      24576        824   startup_stm32f429xx.o
       604         40          0          4         89      15869   stm32f429i_discovery.o
       936         32       7980         16        312      26220   stm32f429i_discovery_lcd.o
       656         32          0          0        196       9425   stm32f429i_discovery_sdram.o
       124         20          0          8          4       7745   stm32f4xx_hal.o
       188         24          0          0          0      10085   stm32f4xx_hal_cortex.o
       790         20          0          0          0       8492   stm32f4xx_hal_dma.o
       984          8          0          0          0      11901   stm32f4xx_hal_dma2d.o
       668         28          0          0          0       5027   stm32f4xx_hal_gpio.o
      2066         28          0          0          0      36290   stm32f4xx_hal_i2c.o
       122          0          0          0          0       3980   stm32f4xx_hal_i2c_ex.o
       802         16         32          0          0      13135   stm32f4xx_hal_ltdc.o
        56          4          0          0          0       1477   stm32f4xx_hal_msp.o
      2462          4          0          0          0      13727   stm32f4xx_hal_pcd.o
        74          0          0          0          0       4144   stm32f4xx_hal_pcd_ex.o
      1272         48          0          0          0       7264   stm32f4xx_hal_rcc.o
       532         16          0          0          0       5365   stm32f4xx_hal_rcc_ex.o
       146          0          0          0          0       9301   stm32f4xx_hal_sdram.o
      1582          8          0          0          0      19564   stm32f4xx_hal_spi.o
      1608         48          0          0          0      35539   stm32f4xx_hal_tim.o
       136         16          0          0          0      13732   stm32f4xx_hal_tim_ex.o
       124         16          0          0         64       6867   stm32f4xx_hal_timebase_tim.o
       216         44          0          0          0       2298   stm32f4xx_it.o
       396         16          0          0          0      10859   stm32f4xx_ll_fmc.o
      2262        116          0          0          0      20365   stm32f4xx_ll_usb.o
        28          4         24          4          0       2604   system_stm32f4xx.o
       672         44          0          0        192       8359   tim.o
      1170        140        406          0       2028       7214   ui.o
        80         16          0          0        720       2938   usb_device.o
       702         24          0        267          0       9698   usbd_cdc.o
       156         20          0         28       4096       3031   usbd_cdc_if.o
       660         28          0          0       1032      14563   usbd_conf.o
       666          0          0          0          0       7081   usbd_core.o
      1188         38          0          0          1       8188   usbd_ctlreq.o
       278         92          0         76        512       3209   usbd_desc.o
       128          0          0          0          0       4252   usbd_ioreq.o

    ----------------------------------------------------------------------
     28472       1238       8904        472      34616     420247   Object Totals
         0          0         32          0          0          0   (incl. Generated)
        48          0          2         12          7          0   (incl. Padding)

    ----------------------------------------------------------------------

      Code (inc. data)   RO Data    RW Data    ZI Data      Debug   Library Member Name

        86          0          0          0          0          0   __dczerorl2.o
         0          0          0          0          0          0   entry.o
         0          0          0          0          0          0   entry10a.o
         0          0          0          0          0          0   entry11a.o
         8          4          0          0          0          0   entry2.o
         4          0          0          0          0          0   entry5.o
         0          0          0          0          0          0   entry7b.o
         0          0          0          0          0          0   entry8b.o
         8          4          0          0          0          0   entry9a.o
        30          0          0          0          0          0   handlers.o
        36          8          0          0          0         68   init.o
        30          0          0          0          0         68   llshl.o
        32          0          0          0          0         68   llushr.o
       188         20          0          0          0        160   malloc.o
        36          0          0          0          0         68   memcpya.o
        36          0          0          0          0        108   memseta.o
         0          0          0          8          0          0   mvars.o
        98          0          0          0          0         92   uldiv.o

    ----------------------------------------------------------------------
       596         36          0          8          0        632   Library Totals
         4          0          0          0          0          0   (incl. Padding)

    ----------------------------------------------------------------------

      Code (inc. data)   RO Data    RW Data    ZI Data      Debug   Library Name

       592         36          0          8          0        632   mc_w.l

    ----------------------------------------------------------------------
       596         36          0          8          0        632   Library Totals

    ----------------------------------------------------------------------

==============================================================================


      Code (inc. data)   RO Data    RW Data    ZI Data      Debug   

     29068       1274       8904        480      34616     420215   Grand Totals
     29068       1274       8904        240      34616     420215   ELF Image Totals (compressed)
     29068       1274       8904        240          0          0   ROM Totals

==============================================================================

    Total RO  Size (Code + RO Data)                37972 (  37.08kB)
    Total RW  Size (RW Data + ZI Data)             35096 (  34.27kB)
    Total ROM Size (Code + RO Data + RW Data)      38212 (  37.32kB)

==============================================================================

